Dec 28 18:39:13 vagrant rsyslogd: [origin software="rsyslogd" swVersion="8.16.0" x-pid="839" x-info="http://www.rsyslog.com"] start
Dec 28 18:39:13 vagrant rsyslogd-2222: command 'KLogPermitNonKernelFacility' is currently not permitted - did you already set it via a RainerScript command (v6+ config)? [v8.16.0 try http://www.rsyslog.com/e/2222 ]
Dec 28 18:39:13 vagrant rsyslogd: rsyslogd's groupid changed to 108
Dec 28 18:39:13 vagrant rsyslogd: rsyslogd's userid changed to 104
Dec 28 18:39:13 vagrant rsyslogd-2039: Could not open output pipe '/dev/xconsole':: No such file or directory [v8.16.0 try http://www.rsyslog.com/e/2039 ]
Dec 28 18:39:13 vagrant rsyslogd-2007: action 'action 10' suspended, next retry is Fri Dec 28 18:39:43 2018 [v8.16.0 try http://www.rsyslog.com/e/2007 ]
Dec 28 18:39:13 vagrant kernel: [    0.000000] Initializing cgroup subsys cpuset
Dec 28 18:39:13 vagrant kernel: [    0.000000] Initializing cgroup subsys cpu
Dec 28 18:39:13 vagrant kernel: [    0.000000] Initializing cgroup subsys cpuacct
Dec 28 18:39:13 vagrant kernel: [    0.000000] Linux version 4.4.0-131-generic (buildd@lgw01-amd64-015) (gcc version 5.4.0 20160609 (Ubuntu 5.4.0-6ubuntu1~16.04.10) ) #157-Ubuntu SMP Thu Jul 12 15:51:36 UTC 2018 (Ubuntu 4.4.0-131.157-generic 4.4.134)
Dec 28 18:39:13 vagrant kernel: [    0.000000] Command line: BOOT_IMAGE=/vmlinuz-4.4.0-131-generic root=/dev/mapper/vagrant--vg-root ro quiet splash
Dec 28 18:39:13 vagrant kernel: [    0.000000] KERNEL supported cpus:
Dec 28 18:39:13 vagrant kernel: [    0.000000]   Intel GenuineIntel
Dec 28 18:39:13 vagrant kernel: [    0.000000]   AMD AuthenticAMD
Dec 28 18:39:13 vagrant kernel: [    0.000000]   Centaur CentaurHauls
Dec 28 18:39:13 vagrant kernel: [    0.000000] x86/fpu: xstate_offset[2]:  576, xstate_sizes[2]:  256
Dec 28 18:39:13 vagrant kernel: [    0.000000] x86/fpu: Supporting XSAVE feature 0x01: 'x87 floating point registers'
Dec 28 18:39:13 vagrant kernel: [    0.000000] x86/fpu: Supporting XSAVE feature 0x02: 'SSE registers'
Dec 28 18:39:13 vagrant kernel: [    0.000000] x86/fpu: Supporting XSAVE feature 0x04: 'AVX registers'
Dec 28 18:39:13 vagrant kernel: [    0.000000] x86/fpu: Enabled xstate features 0x7, context size is 832 bytes, using 'standard' format.
Dec 28 18:39:13 vagrant kernel: [    0.000000] x86/fpu: Using 'eager' FPU context switches.
Dec 28 18:39:13 vagrant kernel: [    0.000000] e820: BIOS-provided physical RAM map:
Dec 28 18:39:13 vagrant kernel: [    0.000000] BIOS-e820: [mem 0x0000000000000000-0x000000000009fbff] usable
Dec 28 18:39:13 vagrant kernel: [    0.000000] BIOS-e820: [mem 0x000000000009fc00-0x000000000009ffff] reserved
Dec 28 18:39:13 vagrant kernel: [    0.000000] BIOS-e820: [mem 0x00000000000f0000-0x00000000000fffff] reserved
Dec 28 18:39:13 vagrant kernel: [    0.000000] BIOS-e820: [mem 0x0000000000100000-0x000000003ffeffff] usable
Dec 28 18:39:13 vagrant kernel: [    0.000000] BIOS-e820: [mem 0x000000003fff0000-0x000000003fffffff] ACPI data
Dec 28 18:39:13 vagrant kernel: [    0.000000] BIOS-e820: [mem 0x00000000fec00000-0x00000000fec00fff] reserved
Dec 28 18:39:13 vagrant kernel: [    0.000000] BIOS-e820: [mem 0x00000000fee00000-0x00000000fee00fff] reserved
Dec 28 18:39:13 vagrant kernel: [    0.000000] BIOS-e820: [mem 0x00000000fffc0000-0x00000000ffffffff] reserved
Dec 28 18:39:13 vagrant kernel: [    0.000000] NX (Execute Disable) protection: active
Dec 28 18:39:13 vagrant kernel: [    0.000000] SMBIOS 2.5 present.
Dec 28 18:39:13 vagrant kernel: [    0.000000] DMI: innotek GmbH VirtualBox/VirtualBox, BIOS VirtualBox 12/01/2006
Dec 28 18:39:13 vagrant kernel: [    0.000000] Hypervisor detected: KVM
Dec 28 18:39:13 vagrant kernel: [    0.000000] e820: update [mem 0x00000000-0x00000fff] usable ==> reserved
Dec 28 18:39:13 vagrant kernel: [    0.000000] e820: remove [mem 0x000a0000-0x000fffff] usable
Dec 28 18:39:13 vagrant kernel: [    0.000000] e820: last_pfn = 0x3fff0 max_arch_pfn = 0x400000000
Dec 28 18:39:13 vagrant kernel: [    0.000000] MTRR default type: uncachable
Dec 28 18:39:13 vagrant kernel: [    0.000000] MTRR variable ranges disabled:
Dec 28 18:39:13 vagrant kernel: [    0.000000] MTRR: Disabled
Dec 28 18:39:13 vagrant kernel: [    0.000000] x86/PAT: MTRRs disabled, skipping PAT initialization too.
Dec 28 18:39:13 vagrant kernel: [    0.000000] CPU MTRRs all blank - virtualized system.
Dec 28 18:39:13 vagrant kernel: [    0.000000] x86/PAT: Configuration [0-7]: WB  WT  UC- UC  WB  WT  UC- UC  
Dec 28 18:39:13 vagrant kernel: [    0.000000] found SMP MP-table at [mem 0x0009fff0-0x0009ffff] mapped at [ffff88000009fff0]
Dec 28 18:39:13 vagrant kernel: [    0.000000] Scanning 1 areas for low memory corruption
Dec 28 18:39:13 vagrant kernel: [    0.000000] Base memory trampoline at [ffff880000098000] 98000 size 28672
Dec 28 18:39:13 vagrant kernel: [    0.000000] BRK [0x02218000, 0x02218fff] PGTABLE
Dec 28 18:39:13 vagrant kernel: [    0.000000] BRK [0x02219000, 0x02219fff] PGTABLE
Dec 28 18:39:13 vagrant kernel: [    0.000000] BRK [0x0221a000, 0x0221afff] PGTABLE
Dec 28 18:39:13 vagrant kernel: [    0.000000] BRK [0x0221b000, 0x0221bfff] PGTABLE
Dec 28 18:39:13 vagrant kernel: [    0.000000] RAMDISK: [mem 0x3340c000-0x359fdfff]
Dec 28 18:39:13 vagrant kernel: [    0.000000] ACPI: Early table checksum verification disabled
Dec 28 18:39:13 vagrant kernel: [    0.000000] ACPI: RSDP 0x00000000000E0000 000024 (v02 VBOX  )
Dec 28 18:39:13 vagrant kernel: [    0.000000] ACPI: XSDT 0x000000003FFF0030 00003C (v01 VBOX   VBOXXSDT 00000001 ASL  00000061)
Dec 28 18:39:13 vagrant kernel: [    0.000000] ACPI: FACP 0x000000003FFF00F0 0000F4 (v04 VBOX   VBOXFACP 00000001 ASL  00000061)
Dec 28 18:39:13 vagrant kernel: [    0.000000] ACPI: DSDT 0x000000003FFF0470 0021FF (v02 VBOX   VBOXBIOS 00000002 INTL 20100528)
Dec 28 18:39:13 vagrant kernel: [    0.000000] ACPI: FACS 0x000000003FFF0200 000040
Dec 28 18:39:13 vagrant kernel: [    0.000000] ACPI: FACS 0x000000003FFF0200 000040
Dec 28 18:39:13 vagrant kernel: [    0.000000] ACPI: APIC 0x000000003FFF0240 000054 (v02 VBOX   VBOXAPIC 00000001 ASL  00000061)
Dec 28 18:39:13 vagrant kernel: [    0.000000] ACPI: SSDT 0x000000003FFF02A0 0001CC (v01 VBOX   VBOXCPUT 00000002 INTL 20100528)
Dec 28 18:39:13 vagrant kernel: [    0.000000] ACPI: Local APIC address 0xfee00000
Dec 28 18:39:13 vagrant kernel: [    0.000000] No NUMA configuration found
Dec 28 18:39:13 vagrant kernel: [    0.000000] Faking a node at [mem 0x0000000000000000-0x000000003ffeffff]
Dec 28 18:39:13 vagrant kernel: [    0.000000] NODE_DATA(0) allocated [mem 0x3ffeb000-0x3ffeffff]
Dec 28 18:39:13 vagrant kernel: [    0.000000] kvm-clock: Using msrs 4b564d01 and 4b564d00
Dec 28 18:39:13 vagrant kernel: [    0.000000] kvm-clock: cpu 0, msr 0:3ffe3001, primary cpu clock
Dec 28 18:39:13 vagrant kernel: [    0.000000] kvm-clock: using sched offset of 544642789772 cycles
Dec 28 18:39:13 vagrant kernel: [    0.000000] clocksource: kvm-clock: mask: 0xffffffffffffffff max_cycles: 0x1cd42e4dffb, max_idle_ns: 881590591483 ns
Dec 28 18:39:13 vagrant kernel: [    0.000000] Zone ranges:
Dec 28 18:39:13 vagrant kernel: [    0.000000]   DMA      [mem 0x0000000000001000-0x0000000000ffffff]
Dec 28 18:39:13 vagrant kernel: [    0.000000]   DMA32    [mem 0x0000000001000000-0x000000003ffeffff]
Dec 28 18:39:13 vagrant kernel: [    0.000000]   Normal   empty
Dec 28 18:39:13 vagrant kernel: [    0.000000]   Device   empty
Dec 28 18:39:13 vagrant kernel: [    0.000000] Movable zone start for each node
Dec 28 18:39:13 vagrant kernel: [    0.000000] Early memory node ranges
Dec 28 18:39:13 vagrant kernel: [    0.000000]   node   0: [mem 0x0000000000001000-0x000000000009efff]
Dec 28 18:39:13 vagrant kernel: [    0.000000]   node   0: [mem 0x0000000000100000-0x000000003ffeffff]
Dec 28 18:39:13 vagrant kernel: [    0.000000] Initmem setup node 0 [mem 0x0000000000001000-0x000000003ffeffff]
Dec 28 18:39:13 vagrant kernel: [    0.000000] On node 0 totalpages: 262030
Dec 28 18:39:13 vagrant kernel: [    0.000000]   DMA zone: 64 pages used for memmap
Dec 28 18:39:13 vagrant kernel: [    0.000000]   DMA zone: 22 pages reserved
Dec 28 18:39:13 vagrant kernel: [    0.000000]   DMA zone: 3998 pages, LIFO batch:0
Dec 28 18:39:13 vagrant kernel: [    0.000000]   DMA32 zone: 4032 pages used for memmap
Dec 28 18:39:13 vagrant kernel: [    0.000000]   DMA32 zone: 258032 pages, LIFO batch:31
Dec 28 18:39:13 vagrant kernel: [    0.000000] ACPI: PM-Timer IO Port: 0x4008
Dec 28 18:39:13 vagrant kernel: [    0.000000] ACPI: Local APIC address 0xfee00000
Dec 28 18:39:13 vagrant kernel: [    0.000000] IOAPIC[0]: apic_id 1, version 32, address 0xfec00000, GSI 0-23
Dec 28 18:39:13 vagrant kernel: [    0.000000] ACPI: INT_SRC_OVR (bus 0 bus_irq 0 global_irq 2 dfl dfl)
Dec 28 18:39:13 vagrant kernel: [    0.000000] ACPI: INT_SRC_OVR (bus 0 bus_irq 9 global_irq 9 low level)
Dec 28 18:39:13 vagrant kernel: [    0.000000] ACPI: IRQ0 used by override.
Dec 28 18:39:13 vagrant kernel: [    0.000000] ACPI: IRQ9 used by override.
Dec 28 18:39:13 vagrant kernel: [    0.000000] Using ACPI (MADT) for SMP configuration information
Dec 28 18:39:13 vagrant kernel: [    0.000000] smpboot: Allowing 1 CPUs, 0 hotplug CPUs
Dec 28 18:39:13 vagrant kernel: [    0.000000] PM: Registered nosave memory: [mem 0x00000000-0x00000fff]
Dec 28 18:39:13 vagrant kernel: [    0.000000] PM: Registered nosave memory: [mem 0x0009f000-0x0009ffff]
Dec 28 18:39:13 vagrant kernel: [    0.000000] PM: Registered nosave memory: [mem 0x000a0000-0x000effff]
Dec 28 18:39:13 vagrant kernel: [    0.000000] PM: Registered nosave memory: [mem 0x000f0000-0x000fffff]
Dec 28 18:39:13 vagrant kernel: [    0.000000] e820: [mem 0x40000000-0xfebfffff] available for PCI devices
Dec 28 18:39:13 vagrant kernel: [    0.000000] Booting paravirtualized kernel on KVM
Dec 28 18:39:13 vagrant kernel: [    0.000000] clocksource: refined-jiffies: mask: 0xffffffff max_cycles: 0xffffffff, max_idle_ns: 7645519600211568 ns
Dec 28 18:39:13 vagrant kernel: [    0.000000] setup_percpu: NR_CPUS:512 nr_cpumask_bits:512 nr_cpu_ids:1 nr_node_ids:1
Dec 28 18:39:13 vagrant kernel: [    0.000000] PERCPU: Embedded 34 pages/cpu @ffff88003fc00000 s99544 r8192 d31528 u2097152
Dec 28 18:39:13 vagrant kernel: [    0.000000] pcpu-alloc: s99544 r8192 d31528 u2097152 alloc=1*2097152
Dec 28 18:39:13 vagrant kernel: [    0.000000] pcpu-alloc: [0] 0 
Dec 28 18:39:13 vagrant kernel: [    0.000000] PV qspinlock hash table entries: 256 (order: 0, 4096 bytes)
Dec 28 18:39:13 vagrant kernel: [    0.000000] Built 1 zonelists in Node order, mobility grouping on.  Total pages: 257912
Dec 28 18:39:13 vagrant kernel: [    0.000000] Policy zone: DMA32
Dec 28 18:39:13 vagrant kernel: [    0.000000] Kernel command line: BOOT_IMAGE=/vmlinuz-4.4.0-131-generic root=/dev/mapper/vagrant--vg-root ro quiet splash
Dec 28 18:39:13 vagrant kernel: [    0.000000] PID hash table entries: 4096 (order: 3, 32768 bytes)
Dec 28 18:39:13 vagrant kernel: [    0.000000] Calgary: detecting Calgary via BIOS EBDA area
Dec 28 18:39:13 vagrant kernel: [    0.000000] Calgary: Unable to locate Rio Grande table in EBDA - bailing!
Dec 28 18:39:13 vagrant kernel: [    0.000000] Memory: 973796K/1048120K available (8546K kernel code, 1313K rwdata, 4000K rodata, 1516K init, 1316K bss, 74324K reserved, 0K cma-reserved)
Dec 28 18:39:13 vagrant kernel: [    0.000000] SLUB: HWalign=64, Order=0-3, MinObjects=0, CPUs=1, Nodes=1
Dec 28 18:39:13 vagrant kernel: [    0.000000] Kernel/User page tables isolation: enabled
Dec 28 18:39:13 vagrant kernel: [    0.000000] Hierarchical RCU implementation.
Dec 28 18:39:13 vagrant kernel: [    0.000000] 	Build-time adjustment of leaf fanout to 64.
Dec 28 18:39:13 vagrant kernel: [    0.000000] 	RCU restricting CPUs from NR_CPUS=512 to nr_cpu_ids=1.
Dec 28 18:39:13 vagrant kernel: [    0.000000] RCU: Adjusting geometry for rcu_fanout_leaf=64, nr_cpu_ids=1
Dec 28 18:39:13 vagrant kernel: [    0.000000] NR_IRQS:33024 nr_irqs:256 16
Dec 28 18:39:13 vagrant kernel: [    0.000000] Console: colour VGA+ 80x25
Dec 28 18:39:13 vagrant kernel: [    0.000000] console [tty0] enabled
Dec 28 18:39:13 vagrant kernel: [    0.000000] tsc: Detected 2494.316 MHz processor
Dec 28 18:39:13 vagrant kernel: [    0.036972] Calibrating delay loop (skipped) preset value.. 4988.63 BogoMIPS (lpj=9977264)
Dec 28 18:39:13 vagrant kernel: [    0.036975] pid_max: default: 32768 minimum: 301
Dec 28 18:39:13 vagrant kernel: [    0.036980] ACPI: Core revision 20150930
Dec 28 18:39:13 vagrant kernel: [    0.037989] ACPI: 2 ACPI AML tables successfully acquired and loaded
Dec 28 18:39:13 vagrant kernel: [    0.038006] Security Framework initialized
Dec 28 18:39:13 vagrant kernel: [    0.038007] Yama: becoming mindful.
Dec 28 18:39:13 vagrant kernel: [    0.038020] AppArmor: AppArmor initialized
Dec 28 18:39:13 vagrant kernel: [    0.038091] Dentry cache hash table entries: 131072 (order: 8, 1048576 bytes)
Dec 28 18:39:13 vagrant kernel: [    0.038291] Inode-cache hash table entries: 65536 (order: 7, 524288 bytes)
Dec 28 18:39:13 vagrant kernel: [    0.038384] Mount-cache hash table entries: 2048 (order: 2, 16384 bytes)
Dec 28 18:39:13 vagrant kernel: [    0.038386] Mountpoint-cache hash table entries: 2048 (order: 2, 16384 bytes)
Dec 28 18:39:13 vagrant kernel: [    0.038527] Initializing cgroup subsys io
Dec 28 18:39:13 vagrant kernel: [    0.038530] Initializing cgroup subsys memory
Dec 28 18:39:13 vagrant kernel: [    0.038536] Initializing cgroup subsys devices
Dec 28 18:39:13 vagrant kernel: [    0.038538] Initializing cgroup subsys freezer
Dec 28 18:39:13 vagrant kernel: [    0.038540] Initializing cgroup subsys net_cls
Dec 28 18:39:13 vagrant kernel: [    0.038541] Initializing cgroup subsys perf_event
Dec 28 18:39:13 vagrant kernel: [    0.038543] Initializing cgroup subsys net_prio
Dec 28 18:39:13 vagrant kernel: [    0.038546] Initializing cgroup subsys hugetlb
Dec 28 18:39:13 vagrant kernel: [    0.038548] Initializing cgroup subsys pids
Dec 28 18:39:13 vagrant kernel: [    0.038604] CPU: Physical Processor ID: 0
Dec 28 18:39:13 vagrant kernel: [    0.038916] mce: CPU supports 0 MCE banks
Dec 28 18:39:13 vagrant kernel: [    0.038937] process: using mwait in idle threads
Dec 28 18:39:13 vagrant kernel: [    0.038943] Last level iTLB entries: 4KB 512, 2MB 8, 4MB 8
Dec 28 18:39:13 vagrant kernel: [    0.038944] Last level dTLB entries: 4KB 512, 2MB 32, 4MB 32, 1GB 0
Dec 28 18:39:13 vagrant kernel: [    0.038945] Spectre V2 : Mitigation: Full generic retpoline
Dec 28 18:39:13 vagrant kernel: [    0.038947] Spectre V2 : Speculation control IBPB not-supported IBRS not-supported
Dec 28 18:39:13 vagrant kernel: [    0.038948] Speculative Store Bypass: Vulnerable
Dec 28 18:39:13 vagrant kernel: [    0.066774] Freeing SMP alternatives memory: 32K
Dec 28 18:39:13 vagrant kernel: [    0.075728] ftrace: allocating 32245 entries in 126 pages
Dec 28 18:39:13 vagrant kernel: [    0.134528] smpboot: APIC(0) Converting physical 0 to logical package 0
Dec 28 18:39:13 vagrant kernel: [    0.134531] smpboot: Max logical packages: 1
Dec 28 18:39:13 vagrant kernel: [    0.134876] x2apic enabled
Dec 28 18:39:13 vagrant kernel: [    0.135128] Switched APIC routing to physical x2apic.
Dec 28 18:39:13 vagrant kernel: [    0.136304] ..TIMER: vector=0x30 apic1=0 pin1=2 apic2=-1 pin2=-1
Dec 28 18:39:13 vagrant kernel: [    0.228925] APIC calibration not consistent with PM-Timer: 96ms instead of 100ms
Dec 28 18:39:13 vagrant kernel: [    0.228927] APIC delta adjusted to PM-Timer: 6384658 (6131398)
Dec 28 18:39:13 vagrant kernel: [    0.229026] smpboot: CPU0: Intel(R) Core(TM) i5-3210M CPU @ 2.50GHz (family: 0x6, model: 0x3a, stepping: 0x9)
Dec 28 18:39:13 vagrant kernel: [    0.229040] Performance Events: unsupported p6 CPU model 58 no PMU driver, software events only.
Dec 28 18:39:13 vagrant kernel: [    0.229065] KVM setup paravirtual spinlock
Dec 28 18:39:13 vagrant kernel: [    0.229675] x86: Booted up 1 node, 1 CPUs
Dec 28 18:39:13 vagrant kernel: [    0.229677] smpboot: Total of 1 processors activated (4988.63 BogoMIPS)
Dec 28 18:39:13 vagrant kernel: [    0.229954] devtmpfs: initialized
Dec 28 18:39:13 vagrant kernel: [    0.231518] evm: security.selinux
Dec 28 18:39:13 vagrant kernel: [    0.231520] evm: security.SMACK64
Dec 28 18:39:13 vagrant kernel: [    0.231520] evm: security.SMACK64EXEC
Dec 28 18:39:13 vagrant kernel: [    0.231521] evm: security.SMACK64TRANSMUTE
Dec 28 18:39:13 vagrant kernel: [    0.231522] evm: security.SMACK64MMAP
Dec 28 18:39:13 vagrant kernel: [    0.231523] evm: security.ima
Dec 28 18:39:13 vagrant kernel: [    0.231524] evm: security.capability
Dec 28 18:39:13 vagrant kernel: [    0.231624] clocksource: jiffies: mask: 0xffffffff max_cycles: 0xffffffff, max_idle_ns: 7645041785100000 ns
Dec 28 18:39:13 vagrant kernel: [    0.231631] futex hash table entries: 256 (order: 2, 16384 bytes)
Dec 28 18:39:13 vagrant kernel: [    0.231702] pinctrl core: initialized pinctrl subsystem
Dec 28 18:39:13 vagrant kernel: [    0.231808] RTC time: 18:39:00, date: 12/28/18
Dec 28 18:39:13 vagrant kernel: [    0.231921] NET: Registered protocol family 16
Dec 28 18:39:13 vagrant kernel: [    0.232062] cpuidle: using governor ladder
Dec 28 18:39:13 vagrant kernel: [    0.232065] cpuidle: using governor menu
Dec 28 18:39:13 vagrant kernel: [    0.232067] PCCT header not found.
Dec 28 18:39:13 vagrant kernel: [    0.232114] ACPI: bus type PCI registered
Dec 28 18:39:13 vagrant kernel: [    0.232116] acpiphp: ACPI Hot Plug PCI Controller Driver version: 0.5
Dec 28 18:39:13 vagrant kernel: [    0.232275] PCI: Using configuration type 1 for base access
Dec 28 18:39:13 vagrant kernel: [    0.233447] ACPI: Added _OSI(Module Device)
Dec 28 18:39:13 vagrant kernel: [    0.233449] ACPI: Added _OSI(Processor Device)
Dec 28 18:39:13 vagrant kernel: [    0.233450] ACPI: Added _OSI(3.0 _SCP Extensions)
Dec 28 18:39:13 vagrant kernel: [    0.233451] ACPI: Added _OSI(Processor Aggregator Device)
Dec 28 18:39:13 vagrant kernel: [    0.234359] ACPI: Executed 1 blocks of module-level executable AML code
Dec 28 18:39:13 vagrant kernel: [    0.236526] ACPI: Interpreter enabled
Dec 28 18:39:13 vagrant kernel: [    0.236535] ACPI: (supports S0 S5)
Dec 28 18:39:13 vagrant kernel: [    0.236536] ACPI: Using IOAPIC for interrupt routing
Dec 28 18:39:13 vagrant kernel: [    0.236677] PCI: Using host bridge windows from ACPI; if necessary, use "pci=nocrs" and report a bug
Dec 28 18:39:13 vagrant kernel: [    0.241850] ACPI: PCI Root Bridge [PCI0] (domain 0000 [bus 00-ff])
Dec 28 18:39:13 vagrant kernel: [    0.241856] acpi PNP0A03:00: _OSC: OS supports [ASPM ClockPM Segments MSI]
Dec 28 18:39:13 vagrant kernel: [    0.241870] acpi PNP0A03:00: _OSC: not requesting OS control; OS requires [ExtendedConfig ASPM ClockPM MSI]
Dec 28 18:39:13 vagrant kernel: [    0.241876] acpi PNP0A03:00: fail to add MMCONFIG information, can't access extended PCI configuration space under this bridge.
Dec 28 18:39:13 vagrant kernel: [    0.242451] PCI host bridge to bus 0000:00
Dec 28 18:39:13 vagrant kernel: [    0.242455] pci_bus 0000:00: root bus resource [io  0x0000-0x0cf7 window]
Dec 28 18:39:13 vagrant kernel: [    0.242456] pci_bus 0000:00: root bus resource [io  0x0d00-0xffff window]
Dec 28 18:39:13 vagrant kernel: [    0.242458] pci_bus 0000:00: root bus resource [mem 0x000a0000-0x000bffff window]
Dec 28 18:39:13 vagrant kernel: [    0.242460] pci_bus 0000:00: root bus resource [mem 0x40000000-0xfdffffff window]
Dec 28 18:39:13 vagrant kernel: [    0.242462] pci_bus 0000:00: root bus resource [bus 00-ff]
Dec 28 18:39:13 vagrant kernel: [    0.242559] pci 0000:00:00.0: [8086:1237] type 00 class 0x060000
Dec 28 18:39:13 vagrant kernel: [    0.243805] pci 0000:00:01.0: [8086:7000] type 00 class 0x060100
Dec 28 18:39:13 vagrant kernel: [    0.245410] pci 0000:00:01.1: [8086:7111] type 00 class 0x01018a
Dec 28 18:39:13 vagrant kernel: [    0.247780] pci 0000:00:01.1: reg 0x20: [io  0xd000-0xd00f]
Dec 28 18:39:13 vagrant kernel: [    0.248563] pci 0000:00:01.1: legacy IDE quirk: reg 0x10: [io  0x01f0-0x01f7]
Dec 28 18:39:13 vagrant kernel: [    0.248566] pci 0000:00:01.1: legacy IDE quirk: reg 0x14: [io  0x03f6]
Dec 28 18:39:13 vagrant kernel: [    0.248568] pci 0000:00:01.1: legacy IDE quirk: reg 0x18: [io  0x0170-0x0177]
Dec 28 18:39:13 vagrant kernel: [    0.248570] pci 0000:00:01.1: legacy IDE quirk: reg 0x1c: [io  0x0376]
Dec 28 18:39:13 vagrant kernel: [    0.249186] pci 0000:00:02.0: [80ee:beef] type 00 class 0x030000
Dec 28 18:39:13 vagrant kernel: [    0.250545] pci 0000:00:02.0: reg 0x10: [mem 0xe0000000-0xe07fffff pref]
Dec 28 18:39:13 vagrant kernel: [    0.257865] pci 0000:00:03.0: [8086:100e] type 00 class 0x020000
Dec 28 18:39:13 vagrant kernel: [    0.259152] pci 0000:00:03.0: reg 0x10: [mem 0xf0000000-0xf001ffff]
Dec 28 18:39:13 vagrant kernel: [    0.260688] pci 0000:00:03.0: reg 0x18: [io  0xd010-0xd017]
Dec 28 18:39:13 vagrant kernel: [    0.264589] pci 0000:00:04.0: [80ee:cafe] type 00 class 0x088000
Dec 28 18:39:13 vagrant kernel: [    0.265382] pci 0000:00:04.0: reg 0x10: [io  0xd020-0xd03f]
Dec 28 18:39:13 vagrant kernel: [    0.266187] pci 0000:00:04.0: reg 0x14: [mem 0xf0400000-0xf07fffff]
Dec 28 18:39:13 vagrant kernel: [    0.266856] pci 0000:00:04.0: reg 0x18: [mem 0xf0800000-0xf0803fff pref]
Dec 28 18:39:13 vagrant kernel: [    0.269847] pci 0000:00:07.0: [8086:7113] type 00 class 0x068000
Dec 28 18:39:13 vagrant kernel: [    0.270857] pci 0000:00:07.0: quirk: [io  0x4000-0x403f] claimed by PIIX4 ACPI
Dec 28 18:39:13 vagrant kernel: [    0.270883] pci 0000:00:07.0: quirk: [io  0x4100-0x410f] claimed by PIIX4 SMB
Dec 28 18:39:13 vagrant kernel: [    0.271495] pci 0000:00:0d.0: [8086:2829] type 00 class 0x010601
Dec 28 18:39:13 vagrant kernel: [    0.272566] pci 0000:00:0d.0: reg 0x10: [io  0xd040-0xd047]
Dec 28 18:39:13 vagrant kernel: [    0.273309] pci 0000:00:0d.0: reg 0x14: [io  0xd048-0xd04b]
Dec 28 18:39:13 vagrant kernel: [    0.274047] pci 0000:00:0d.0: reg 0x18: [io  0xd050-0xd057]
Dec 28 18:39:13 vagrant kernel: [    0.274847] pci 0000:00:0d.0: reg 0x1c: [io  0xd058-0xd05b]
Dec 28 18:39:13 vagrant kernel: [    0.275725] pci 0000:00:0d.0: reg 0x20: [io  0xd060-0xd06f]
Dec 28 18:39:13 vagrant kernel: [    0.276482] pci 0000:00:0d.0: reg 0x24: [mem 0xf0804000-0xf0805fff]
Dec 28 18:39:13 vagrant kernel: [    0.279665] ACPI: PCI Interrupt Link [LNKA] (IRQs 5 9 10 *11)
Dec 28 18:39:13 vagrant kernel: [    0.279937] ACPI: PCI Interrupt Link [LNKB] (IRQs 5 9 *10 11)
Dec 28 18:39:13 vagrant kernel: [    0.280086] ACPI: PCI Interrupt Link [LNKC] (IRQs 5 *9 10 11)
Dec 28 18:39:13 vagrant kernel: [    0.280233] ACPI: PCI Interrupt Link [LNKD] (IRQs 5 9 10 *11)
Dec 28 18:39:13 vagrant kernel: [    0.280477] ACPI: Enabled 2 GPEs in block 00 to 07
Dec 28 18:39:13 vagrant kernel: [    0.280730] vgaarb: setting as boot device: PCI:0000:00:02.0
Dec 28 18:39:13 vagrant kernel: [    0.280732] vgaarb: device added: PCI:0000:00:02.0,decodes=io+mem,owns=io+mem,locks=none
Dec 28 18:39:13 vagrant kernel: [    0.280734] vgaarb: loaded
Dec 28 18:39:13 vagrant kernel: [    0.280735] vgaarb: bridge control possible 0000:00:02.0
Dec 28 18:39:13 vagrant kernel: [    0.281007] SCSI subsystem initialized
Dec 28 18:39:13 vagrant kernel: [    0.281072] libata version 3.00 loaded.
Dec 28 18:39:13 vagrant kernel: [    0.281101] ACPI: bus type USB registered
Dec 28 18:39:13 vagrant kernel: [    0.281123] usbcore: registered new interface driver usbfs
Dec 28 18:39:13 vagrant kernel: [    0.281132] usbcore: registered new interface driver hub
Dec 28 18:39:13 vagrant kernel: [    0.281143] usbcore: registered new device driver usb
Dec 28 18:39:13 vagrant kernel: [    0.281290] PCI: Using ACPI for IRQ routing
Dec 28 18:39:13 vagrant kernel: [    0.281292] PCI: pci_cache_line_size set to 64 bytes
Dec 28 18:39:13 vagrant kernel: [    0.281660] e820: reserve RAM buffer [mem 0x0009fc00-0x0009ffff]
Dec 28 18:39:13 vagrant kernel: [    0.281666] e820: reserve RAM buffer [mem 0x3fff0000-0x3fffffff]
Dec 28 18:39:13 vagrant kernel: [    0.281788] NetLabel: Initializing
Dec 28 18:39:13 vagrant kernel: [    0.281789] NetLabel:  domain hash size = 128
Dec 28 18:39:13 vagrant kernel: [    0.281790] NetLabel:  protocols = UNLABELED CIPSOv4
Dec 28 18:39:13 vagrant kernel: [    0.281803] NetLabel:  unlabeled traffic allowed by default
Dec 28 18:39:13 vagrant kernel: [    0.281889] amd_nb: Cannot enumerate AMD northbridges
Dec 28 18:39:13 vagrant kernel: [    0.281902] clocksource: Switched to clocksource kvm-clock
Dec 28 18:39:13 vagrant kernel: [    0.288527] AppArmor: AppArmor Filesystem Enabled
Dec 28 18:39:13 vagrant kernel: [    0.288595] pnp: PnP ACPI init
Dec 28 18:39:13 vagrant kernel: [    0.288663] pnp 00:00: Plug and Play ACPI device, IDs PNP0303 (active)
Dec 28 18:39:13 vagrant kernel: [    0.288769] pnp 00:01: Plug and Play ACPI device, IDs PNP0f03 (active)
Dec 28 18:39:13 vagrant kernel: [    0.290580] pnp: PnP ACPI: found 2 devices
Dec 28 18:39:13 vagrant kernel: [    0.296773] clocksource: acpi_pm: mask: 0xffffff max_cycles: 0xffffff, max_idle_ns: 2085701024 ns
Dec 28 18:39:13 vagrant kernel: [    0.296786] pci_bus 0000:00: resource 4 [io  0x0000-0x0cf7 window]
Dec 28 18:39:13 vagrant kernel: [    0.296789] pci_bus 0000:00: resource 5 [io  0x0d00-0xffff window]
Dec 28 18:39:13 vagrant kernel: [    0.296790] pci_bus 0000:00: resource 6 [mem 0x000a0000-0x000bffff window]
Dec 28 18:39:13 vagrant kernel: [    0.296792] pci_bus 0000:00: resource 7 [mem 0x40000000-0xfdffffff window]
Dec 28 18:39:13 vagrant kernel: [    0.296821] NET: Registered protocol family 2
Dec 28 18:39:13 vagrant kernel: [    0.296981] TCP established hash table entries: 8192 (order: 4, 65536 bytes)
Dec 28 18:39:13 vagrant kernel: [    0.296996] TCP bind hash table entries: 8192 (order: 5, 131072 bytes)
Dec 28 18:39:13 vagrant kernel: [    0.297009] TCP: Hash tables configured (established 8192 bind 8192)
Dec 28 18:39:13 vagrant kernel: [    0.297027] UDP hash table entries: 512 (order: 2, 16384 bytes)
Dec 28 18:39:13 vagrant kernel: [    0.297032] UDP-Lite hash table entries: 512 (order: 2, 16384 bytes)
Dec 28 18:39:13 vagrant kernel: [    0.297063] NET: Registered protocol family 1
Dec 28 18:39:13 vagrant kernel: [    0.297074] pci 0000:00:00.0: Limiting direct PCI/PCI transfers
Dec 28 18:39:13 vagrant kernel: [    0.297136] pci 0000:00:01.0: Activating ISA DMA hang workarounds
Dec 28 18:39:13 vagrant kernel: [    0.297208] pci 0000:00:02.0: Video device with shadowed ROM
Dec 28 18:39:13 vagrant kernel: [    0.297326] PCI: CLS 0 bytes, default 64
Dec 28 18:39:13 vagrant kernel: [    0.297380] Unpacking initramfs...
Dec 28 18:39:13 vagrant kernel: [    0.810629] Freeing initrd memory: 38856K
Dec 28 18:39:13 vagrant kernel: [    0.810723] RAPL PMU detected, API unit is 2^-32 Joules, 3 fixed counters 10737418240 ms ovfl timer
Dec 28 18:39:13 vagrant kernel: [    0.810725] hw unit of domain pp0-core 2^-0 Joules
Dec 28 18:39:13 vagrant kernel: [    0.810726] hw unit of domain package 2^-0 Joules
Dec 28 18:39:13 vagrant kernel: [    0.810726] hw unit of domain pp1-gpu 2^-0 Joules
Dec 28 18:39:13 vagrant kernel: [    0.810790] platform rtc_cmos: registered platform RTC device (no PNP device found)
Dec 28 18:39:13 vagrant kernel: [    0.810825] Scanning for low memory corruption every 60 seconds
Dec 28 18:39:13 vagrant kernel: [    0.811105] audit: initializing netlink subsys (disabled)
Dec 28 18:39:13 vagrant kernel: [    0.811121] audit: type=2000 audit(1546022886.168:1): initialized
Dec 28 18:39:13 vagrant kernel: [    0.811384] Initialise system trusted keyring
Dec 28 18:39:13 vagrant kernel: [    0.811488] HugeTLB registered 2 MB page size, pre-allocated 0 pages
Dec 28 18:39:13 vagrant kernel: [    0.812699] zbud: loaded
Dec 28 18:39:13 vagrant kernel: [    0.812988] VFS: Disk quotas dquot_6.6.0
Dec 28 18:39:13 vagrant kernel: [    0.813015] VFS: Dquot-cache hash table entries: 512 (order 0, 4096 bytes)
Dec 28 18:39:13 vagrant kernel: [    0.813229] squashfs: version 4.0 (2009/01/31) Phillip Lougher
Dec 28 18:39:13 vagrant kernel: [    0.813427] fuse init (API version 7.23)
Dec 28 18:39:13 vagrant kernel: [    0.813546] Key type big_key registered
Dec 28 18:39:13 vagrant kernel: [    0.813568] Allocating IMA MOK and blacklist keyrings.
Dec 28 18:39:13 vagrant kernel: [    0.814240] Key type asymmetric registered
Dec 28 18:39:13 vagrant kernel: [    0.814244] Asymmetric key parser 'x509' registered
Dec 28 18:39:13 vagrant kernel: [    0.814276] Block layer SCSI generic (bsg) driver version 0.4 loaded (major 249)
Dec 28 18:39:13 vagrant kernel: [    0.814298] io scheduler noop registered
Dec 28 18:39:13 vagrant kernel: [    0.814300] io scheduler deadline registered (default)
Dec 28 18:39:13 vagrant kernel: [    0.814331] io scheduler cfq registered
Dec 28 18:39:13 vagrant kernel: [    0.814417] pci_hotplug: PCI Hot Plug PCI Core version: 0.5
Dec 28 18:39:13 vagrant kernel: [    0.814423] pciehp: PCI Express Hot Plug Controller Driver version: 0.4
Dec 28 18:39:13 vagrant kernel: [    0.814742] ACPI: AC Adapter [AC] (on-line)
Dec 28 18:39:13 vagrant kernel: [    0.814799] input: Power Button as /devices/LNXSYSTM:00/LNXPWRBN:00/input/input0
Dec 28 18:39:13 vagrant kernel: [    0.814803] ACPI: Power Button [PWRF]
Dec 28 18:39:13 vagrant kernel: [    0.814936] input: Sleep Button as /devices/LNXSYSTM:00/LNXSLPBN:00/input/input1
Dec 28 18:39:13 vagrant kernel: [    0.814938] ACPI: Sleep Button [SLPF]
Dec 28 18:39:13 vagrant kernel: [    0.815127] GHES: HEST is not enabled!
Dec 28 18:39:13 vagrant kernel: [    0.815213] Serial: 8250/16550 driver, 32 ports, IRQ sharing enabled
Dec 28 18:39:13 vagrant kernel: [    0.816282] Linux agpgart interface v0.103
Dec 28 18:39:13 vagrant kernel: [    0.817310] loop: module loaded
Dec 28 18:39:13 vagrant kernel: [    0.817428] ata_piix 0000:00:01.1: version 2.13
Dec 28 18:39:13 vagrant kernel: [    0.817953] scsi host0: ata_piix
Dec 28 18:39:13 vagrant kernel: [    0.818013] scsi host1: ata_piix
Dec 28 18:39:13 vagrant kernel: [    0.818044] ata1: PATA max UDMA/33 cmd 0x1f0 ctl 0x3f6 bmdma 0xd000 irq 14
Dec 28 18:39:13 vagrant kernel: [    0.818046] ata2: PATA max UDMA/33 cmd 0x170 ctl 0x376 bmdma 0xd008 irq 15
Dec 28 18:39:13 vagrant kernel: [    0.818115] libphy: Fixed MDIO Bus: probed
Dec 28 18:39:13 vagrant kernel: [    0.818117] tun: Universal TUN/TAP device driver, 1.6
Dec 28 18:39:13 vagrant kernel: [    0.818118] tun: (C) 1999-2004 Max Krasnyansky <maxk@qualcomm.com>
Dec 28 18:39:13 vagrant kernel: [    0.818711] PPP generic driver version 2.4.2
Dec 28 18:39:13 vagrant kernel: [    0.818766] ehci_hcd: USB 2.0 'Enhanced' Host Controller (EHCI) Driver
Dec 28 18:39:13 vagrant kernel: [    0.818770] ehci-pci: EHCI PCI platform driver
Dec 28 18:39:13 vagrant kernel: [    0.818786] ehci-platform: EHCI generic platform driver
Dec 28 18:39:13 vagrant kernel: [    0.818803] ohci_hcd: USB 1.1 'Open' Host Controller (OHCI) Driver
Dec 28 18:39:13 vagrant kernel: [    0.818807] ohci-pci: OHCI PCI platform driver
Dec 28 18:39:13 vagrant kernel: [    0.818815] ohci-platform: OHCI generic platform driver
Dec 28 18:39:13 vagrant kernel: [    0.818821] uhci_hcd: USB Universal Host Controller Interface driver
Dec 28 18:39:13 vagrant kernel: [    0.818873] i8042: PNP: PS/2 Controller [PNP0303:PS2K,PNP0f03:PS2M] at 0x60,0x64 irq 1,12
Dec 28 18:39:13 vagrant kernel: [    0.819333] serio: i8042 KBD port at 0x60,0x64 irq 1
Dec 28 18:39:13 vagrant kernel: [    0.819338] serio: i8042 AUX port at 0x60,0x64 irq 12
Dec 28 18:39:13 vagrant kernel: [    0.819438] mousedev: PS/2 mouse device common for all mice
Dec 28 18:39:13 vagrant kernel: [    0.819724] input: AT Translated Set 2 keyboard as /devices/platform/i8042/serio0/input/input2
Dec 28 18:39:13 vagrant kernel: [    0.820169] rtc_cmos rtc_cmos: rtc core: registered rtc_cmos as rtc0
Dec 28 18:39:13 vagrant kernel: [    0.820229] rtc_cmos rtc_cmos: alarms up to one day, 114 bytes nvram
Dec 28 18:39:13 vagrant kernel: [    0.820237] i2c /dev entries driver
Dec 28 18:39:13 vagrant kernel: [    0.820280] device-mapper: uevent: version 1.0.3
Dec 28 18:39:13 vagrant kernel: [    0.820333] device-mapper: ioctl: 4.34.0-ioctl (2015-10-28) initialised: dm-devel@redhat.com
Dec 28 18:39:13 vagrant kernel: [    0.820349] ledtrig-cpu: registered to indicate activity on CPUs
Dec 28 18:39:13 vagrant kernel: [    0.821105] NET: Registered protocol family 10
Dec 28 18:39:13 vagrant kernel: [    0.821261] NET: Registered protocol family 17
Dec 28 18:39:13 vagrant kernel: [    0.821272] Key type dns_resolver registered
Dec 28 18:39:13 vagrant kernel: [    0.821492] registered taskstats version 1
Dec 28 18:39:13 vagrant kernel: [    0.821511] Loading compiled-in X.509 certificates
Dec 28 18:39:13 vagrant kernel: [    0.822250] Loaded X.509 cert 'Build time autogenerated kernel key: 8f274abdf49cd12572c1533a34d1eafea768213f'
Dec 28 18:39:13 vagrant kernel: [    0.822270] zswap: loaded using pool lzo/zbud
Dec 28 18:39:13 vagrant kernel: [    0.823927] Key type trusted registered
Dec 28 18:39:13 vagrant kernel: [    0.827502] Key type encrypted registered
Dec 28 18:39:13 vagrant kernel: [    0.827510] AppArmor: AppArmor sha1 policy hashing enabled
Dec 28 18:39:13 vagrant kernel: [    0.827514] ima: No TPM chip found, activating TPM-bypass!
Dec 28 18:39:13 vagrant kernel: [    0.827520] ima: Allocated hash algorithm: sha1
Dec 28 18:39:13 vagrant kernel: [    0.827535] evm: HMAC attrs: 0x1
Dec 28 18:39:13 vagrant kernel: [    0.828037]   Magic number: 14:185:697
Dec 28 18:39:13 vagrant kernel: [    0.828107] rtc_cmos rtc_cmos: setting system clock to 2018-12-28 18:39:01 UTC (1546022341)
Dec 28 18:39:13 vagrant kernel: [    0.828172] BIOS EDD facility v0.16 2004-Jun-25, 0 devices found
Dec 28 18:39:13 vagrant kernel: [    0.828173] EDD information not available.
Dec 28 18:39:13 vagrant kernel: [    0.828218] PM: Hibernation image not present or could not be loaded.
Dec 28 18:39:13 vagrant kernel: [    0.976631] ata1.01: ATAPI: VBOX CD-ROM, 1.0, max UDMA/133
Dec 28 18:39:13 vagrant kernel: [    0.977561] ata1.01: configured for UDMA/33
Dec 28 18:39:13 vagrant kernel: [    0.978385] scsi 0:0:1:0: CD-ROM            VBOX     CD-ROM           1.0  PQ: 0 ANSI: 5
Dec 28 18:39:13 vagrant kernel: [    0.988591] sr 0:0:1:0: [sr0] scsi3-mmc drive: 32x/32x xa/form2 tray
Dec 28 18:39:13 vagrant kernel: [    0.988597] cdrom: Uniform CD-ROM driver Revision: 3.20
Dec 28 18:39:13 vagrant kernel: [    0.989011] sr 0:0:1:0: Attached scsi CD-ROM sr0
Dec 28 18:39:13 vagrant kernel: [    0.989259] sr 0:0:1:0: Attached scsi generic sg0 type 5
Dec 28 18:39:13 vagrant kernel: [    0.990768] Freeing unused kernel memory: 1516K
Dec 28 18:39:13 vagrant kernel: [    1.002465] Write protecting the kernel read-only data: 14336k
Dec 28 18:39:13 vagrant kernel: [    1.003106] Freeing unused kernel memory: 1680K
Dec 28 18:39:13 vagrant kernel: [    1.003337] Freeing unused kernel memory: 96K
Dec 28 18:39:13 vagrant kernel: [    1.016382] random: udevadm: uninitialized urandom read (16 bytes read, 2 bits of entropy available)
Dec 28 18:39:13 vagrant kernel: [    1.016408] random: udevadm: uninitialized urandom read (16 bytes read, 2 bits of entropy available)
Dec 28 18:39:13 vagrant kernel: [    1.022892] random: systemd-udevd: uninitialized urandom read (16 bytes read, 2 bits of entropy available)
Dec 28 18:39:13 vagrant kernel: [    1.022979] random: systemd-udevd: uninitialized urandom read (16 bytes read, 2 bits of entropy available)
Dec 28 18:39:13 vagrant kernel: [    1.022992] random: systemd-udevd: uninitialized urandom read (16 bytes read, 2 bits of entropy available)
Dec 28 18:39:13 vagrant kernel: [    1.023008] random: systemd-udevd: uninitialized urandom read (16 bytes read, 2 bits of entropy available)
Dec 28 18:39:13 vagrant kernel: [    1.024631] random: systemd-udevd: uninitialized urandom read (16 bytes read, 2 bits of entropy available)
Dec 28 18:39:13 vagrant kernel: [    1.024649] random: systemd-udevd: uninitialized urandom read (16 bytes read, 2 bits of entropy available)
Dec 28 18:39:13 vagrant kernel: [    1.024658] random: systemd-udevd: uninitialized urandom read (16 bytes read, 2 bits of entropy available)
Dec 28 18:39:13 vagrant kernel: [    1.025361] random: systemd-udevd: uninitialized urandom read (16 bytes read, 2 bits of entropy available)
Dec 28 18:39:13 vagrant kernel: [    1.115024] ACPI: Video Device [GFX0] (multi-head: yes  rom: no  post: no)
Dec 28 18:39:13 vagrant kernel: [    1.115115] input: Video Bus as /devices/LNXSYSTM:00/LNXSYBUS:00/PNP0A03:00/LNXVIDEO:00/input/input4
Dec 28 18:39:13 vagrant kernel: [    1.128585] e1000: Intel(R) PRO/1000 Network Driver - version 7.3.21-k8-NAPI
Dec 28 18:39:13 vagrant kernel: [    1.128588] e1000: Copyright (c) 1999-2006 Intel Corporation.
Dec 28 18:39:13 vagrant kernel: [    1.206601] AVX version of gcm_enc/dec engaged.
Dec 28 18:39:13 vagrant kernel: [    1.206603] AES CTR mode by8 optimization enabled
Dec 28 18:39:13 vagrant kernel: [    1.343104] input: ImExPS/2 Generic Explorer Mouse as /devices/platform/i8042/serio1/input/input5
Dec 28 18:39:13 vagrant kernel: [    1.646216] e1000 0000:00:03.0 eth0: (PCI:33MHz:32-bit) 08:00:27:ee:87:c4
Dec 28 18:39:13 vagrant kernel: [    1.646224] e1000 0000:00:03.0 eth0: Intel(R) PRO/1000 Network Connection
Dec 28 18:39:13 vagrant kernel: [    1.646257] ahci 0000:00:0d.0: version 3.0
Dec 28 18:39:13 vagrant kernel: [    1.646992] ahci 0000:00:0d.0: SSS flag set, parallel bus scan disabled
Dec 28 18:39:13 vagrant kernel: [    1.647244] ahci 0000:00:0d.0: AHCI 0001.0100 32 slots 1 ports 3 Gbps 0x1 impl SATA mode
Dec 28 18:39:13 vagrant kernel: [    1.647248] ahci 0000:00:0d.0: flags: 64bit ncq stag only ccc 
Dec 28 18:39:13 vagrant kernel: [    1.648964] e1000 0000:00:03.0 enp0s3: renamed from eth0
Dec 28 18:39:13 vagrant kernel: [    1.650369] scsi host2: ahci
Dec 28 18:39:13 vagrant kernel: [    1.650572] ata3: SATA max UDMA/133 abar m8192@0xf0804000 port 0xf0804100 irq 21
Dec 28 18:39:13 vagrant kernel: [    1.813410] tsc: Refined TSC clocksource calibration: 2493.598 MHz
Dec 28 18:39:13 vagrant kernel: [    1.813417] clocksource: tsc: mask: 0xffffffffffffffff max_cycles: 0x23f19a147b9, max_idle_ns: 440795302929 ns
Dec 28 18:39:13 vagrant kernel: [    1.972647] ata3: SATA link up 3.0 Gbps (SStatus 123 SControl 300)
Dec 28 18:39:13 vagrant kernel: [    1.972996] ata3.00: ATA-6: VBOX HARDDISK, 1.0, max UDMA/133
Dec 28 18:39:13 vagrant kernel: [    1.973001] ata3.00: 134217728 sectors, multi 128: LBA48 NCQ (depth 31/32)
Dec 28 18:39:13 vagrant kernel: [    1.973349] ata3.00: configured for UDMA/133
Dec 28 18:39:13 vagrant kernel: [    1.973528] scsi 2:0:0:0: Direct-Access     ATA      VBOX HARDDISK    1.0  PQ: 0 ANSI: 5
Dec 28 18:39:13 vagrant kernel: [    1.974263] sd 2:0:0:0: [sda] 134217728 512-byte logical blocks: (68.7 GB/64.0 GiB)
Dec 28 18:39:13 vagrant kernel: [    1.974324] sd 2:0:0:0: [sda] Write Protect is off
Dec 28 18:39:13 vagrant kernel: [    1.974329] sd 2:0:0:0: [sda] Mode Sense: 00 3a 00 00
Dec 28 18:39:13 vagrant kernel: [    1.974356] sd 2:0:0:0: [sda] Write cache: enabled, read cache: enabled, doesn't support DPO or FUA
Dec 28 18:39:13 vagrant kernel: [    1.974771] sd 2:0:0:0: Attached scsi generic sg1 type 0
Dec 28 18:39:13 vagrant kernel: [    1.999249]  sda: sda1 sda2 < sda5 >
Dec 28 18:39:13 vagrant kernel: [    2.000368] sd 2:0:0:0: [sda] Attached SCSI disk
Dec 28 18:39:13 vagrant kernel: [    3.303497] md: linear personality registered for level -1
Dec 28 18:39:13 vagrant kernel: [    3.307087] md: multipath personality registered for level -4
Dec 28 18:39:13 vagrant kernel: [    3.310142] md: raid0 personality registered for level 0
Dec 28 18:39:13 vagrant kernel: [    3.313757] md: raid1 personality registered for level 1
Dec 28 18:39:13 vagrant kernel: [    3.387049] raid6: sse2x1   gen()  7090 MB/s
Dec 28 18:39:13 vagrant kernel: [    3.455422] raid6: sse2x1   xor()  6277 MB/s
Dec 28 18:39:13 vagrant kernel: [    3.523761] raid6: sse2x2   gen()  9489 MB/s
Dec 28 18:39:13 vagrant kernel: [    3.597193] raid6: sse2x2   xor()  7253 MB/s
Dec 28 18:39:13 vagrant kernel: [    3.675951] raid6: sse2x4   gen() 12252 MB/s
Dec 28 18:39:13 vagrant kernel: [    3.755833] raid6: sse2x4   xor()  8579 MB/s
Dec 28 18:39:13 vagrant kernel: [    3.755836] raid6: using algorithm sse2x4 gen() 12252 MB/s
Dec 28 18:39:13 vagrant kernel: [    3.755837] raid6: .... xor() 8579 MB/s, rmw enabled
Dec 28 18:39:13 vagrant kernel: [    3.755838] raid6: using ssse3x2 recovery algorithm
Dec 28 18:39:13 vagrant kernel: [    3.758068] xor: automatically using best checksumming function:
Dec 28 18:39:13 vagrant kernel: [    3.807892]    avx       :  9782.000 MB/sec
Dec 28 18:39:13 vagrant kernel: [    3.809817] async_tx: api initialized (async)
Dec 28 18:39:13 vagrant kernel: [    3.822852] md: raid6 personality registered for level 6
Dec 28 18:39:13 vagrant kernel: [    3.822855] md: raid5 personality registered for level 5
Dec 28 18:39:13 vagrant kernel: [    3.822856] md: raid4 personality registered for level 4
Dec 28 18:39:13 vagrant kernel: [    3.829075] md: raid10 personality registered for level 10
Dec 28 18:39:13 vagrant kernel: [    4.073443] Btrfs loaded
Dec 28 18:39:13 vagrant kernel: [    4.426941] EXT4-fs (dm-0): mounted filesystem with ordered data mode. Opts: (null)
Dec 28 18:39:13 vagrant kernel: [    5.573729] random: nonblocking pool is initialized
Dec 28 18:39:13 vagrant kernel: [    6.746687] Loading iSCSI transport class v2.0-870.
Dec 28 18:39:13 vagrant kernel: [    6.838151] iscsi: registered transport (tcp)
Dec 28 18:39:13 vagrant kernel: [    7.358145] RPC: Registered named UNIX socket transport module.
Dec 28 18:39:13 vagrant kernel: [    7.358147] RPC: Registered udp transport module.
Dec 28 18:39:13 vagrant kernel: [    7.358149] RPC: Registered tcp transport module.
Dec 28 18:39:13 vagrant kernel: [    7.358150] RPC: Registered tcp NFSv4.1 backchannel transport module.
Dec 28 18:39:13 vagrant kernel: [    7.484208] iscsi: registered transport (iser)
Dec 28 18:39:13 vagrant kernel: [    8.096382] EXT4-fs (dm-0): re-mounted. Opts: errors=remount-ro
Dec 28 18:39:13 vagrant kernel: [    8.616161] piix4_smbus 0000:00:07.0: SMBus Host Controller at 0x4100, revision 0
Dec 28 18:39:13 vagrant kernel: [    8.715784] vgdrvHeartbeatInit: Setting up heartbeat to trigger every 2000 milliseconds
Dec 28 18:39:13 vagrant kernel: [    8.715896] input: Unspecified device as /devices/pci0000:00/0000:00:04.0/input/input6
Dec 28 18:39:13 vagrant kernel: [    8.718133] vboxguest: misc device minor 55, IRQ 20, I/O port d020, MMIO at 00000000f0400000 (size 0x400000)
Dec 28 18:39:13 vagrant kernel: [    8.718195] vboxguest: Successfully loaded version 5.0.18_Ubuntu (interface 0x00010004)
Dec 28 18:39:13 vagrant kernel: [    8.756569] intel_rapl: no valid rapl domains found in package 0
Dec 28 18:39:13 vagrant kernel: [    8.914046] [drm] Initialized drm 1.1.0 20060810
Dec 28 18:39:13 vagrant kernel: [    9.083837] [drm] VRAM 00800000
Dec 28 18:39:13 vagrant kernel: [    9.087838] [TTM] Zone  kernel: Available graphics memory: 507988 kiB
Dec 28 18:39:13 vagrant kernel: [    9.087839] [TTM] Initializing pool allocator
Dec 28 18:39:13 vagrant kernel: [    9.087843] [TTM] Initializing DMA pool allocator
Dec 28 18:39:13 vagrant kernel: [    9.099843] fbcon: vboxdrmfb (fb0) is primary device
Dec 28 18:39:13 vagrant kernel: [    9.138870] Console: switching to colour frame buffer device 100x37
Dec 28 18:39:13 vagrant kernel: [    9.143133] vboxvideo 0000:00:02.0: fb0: vboxdrmfb frame buffer device
Dec 28 18:39:13 vagrant kernel: [    9.149067] [drm] Initialized vboxvideo 1.0.0 20130823 for 0000:00:02.0 on minor 0
Dec 28 18:39:13 vagrant kernel: [    9.933998] Adding 1003516k swap on /dev/mapper/vagrant--vg-swap_1.  Priority:-1 extents:1 across:1003516k FS
Dec 28 18:39:13 vagrant kernel: [   10.165742] EXT4-fs (sda1): mounting ext2 file system using the ext4 subsystem
Dec 28 18:39:13 vagrant kernel: [   10.172676] EXT4-fs (sda1): mounted filesystem without journal. Opts: (null)
Dec 28 18:39:13 vagrant kernel: [   11.273093] audit: type=1400 audit(1546022351.940:2): apparmor="STATUS" operation="profile_load" profile="unconfined" name="lxc-container-default" pid=784 comm="apparmor_parser"
Dec 28 18:39:13 vagrant kernel: [   11.273583] audit: type=1400 audit(1546022351.940:3): apparmor="STATUS" operation="profile_load" profile="unconfined" name="lxc-container-default-cgns" pid=784 comm="apparmor_parser"
Dec 28 18:39:13 vagrant kernel: [   11.274003] audit: type=1400 audit(1546022351.940:4): apparmor="STATUS" operation="profile_load" profile="unconfined" name="lxc-container-default-with-mounting" pid=784 comm="apparmor_parser"
Dec 28 18:39:13 vagrant kernel: [   11.274426] audit: type=1400 audit(1546022351.940:5): apparmor="STATUS" operation="profile_load" profile="unconfined" name="lxc-container-default-with-nesting" pid=784 comm="apparmor_parser"
Dec 28 18:39:13 vagrant kernel: [   11.469494] audit: type=1400 audit(1546022352.136:6): apparmor="STATUS" operation="profile_load" profile="unconfined" name="/sbin/dhclient" pid=786 comm="apparmor_parser"
Dec 28 18:39:13 vagrant kernel: [   11.469952] audit: type=1400 audit(1546022352.136:7): apparmor="STATUS" operation="profile_load" profile="unconfined" name="/usr/lib/NetworkManager/nm-dhcp-client.action" pid=786 comm="apparmor_parser"
Dec 28 18:39:13 vagrant kernel: [   11.470336] audit: type=1400 audit(1546022352.136:8): apparmor="STATUS" operation="profile_load" profile="unconfined" name="/usr/lib/NetworkManager/nm-dhcp-helper" pid=786 comm="apparmor_parser"
Dec 28 18:39:13 vagrant kernel: [   11.470692] audit: type=1400 audit(1546022352.136:9): apparmor="STATUS" operation="profile_load" profile="unconfined" name="/usr/lib/connman/scripts/dhclient-script" pid=786 comm="apparmor_parser"
Dec 28 18:39:13 vagrant kernel: [   11.480741] audit: type=1400 audit(1546022352.144:10): apparmor="STATUS" operation="profile_load" profile="unconfined" name="/usr/bin/lxc-start" pid=788 comm="apparmor_parser"
Dec 28 18:39:13 vagrant kernel: [   11.564801] audit: type=1400 audit(1546022352.228:11): apparmor="STATUS" operation="profile_load" profile="unconfined" name="/usr/lib/lxd/lxd-bridge-proxy" pid=790 comm="apparmor_parser"
Dec 28 18:39:13 vagrant kernel: [   12.700925] cgroup: new mount options do not match the existing superblock, will be ignored
Dec 28 18:39:13 vagrant kernel: [   13.085124] IPv6: ADDRCONF(NETDEV_UP): enp0s3: link is not ready
Dec 28 18:39:13 vagrant kernel: [   13.086857] e1000: enp0s3 NIC Link is Up 1000 Mbps Full Duplex, Flow Control: RX
Dec 28 18:39:13 vagrant kernel: [   13.087204] IPv6: ADDRCONF(NETDEV_CHANGE): enp0s3: link becomes ready
Dec 28 18:39:13 vagrant systemd-modules-load[370]: Inserted module 'iscsi_tcp'
Dec 28 18:39:13 vagrant systemd[1]: Mounted RPC Pipe File System.
Dec 28 18:39:13 vagrant systemd-modules-load[370]: Inserted module 'ib_iser'
Dec 28 18:39:13 vagrant systemd[1]: Started Load Kernel Modules.
Dec 28 18:39:13 vagrant systemd[1]: Mounting FUSE Control File System...
Dec 28 18:39:13 vagrant systemd[1]: Starting Apply Kernel Variables...
Dec 28 18:39:13 vagrant systemd[1]: Mounted FUSE Control File System.
Dec 28 18:39:13 vagrant systemd[1]: Started LVM2 metadata daemon.
Dec 28 18:39:13 vagrant loadkeys[373]: Loading /etc/console-setup/cached.kmap.gz
Dec 28 18:39:13 vagrant systemd[1]: Started Set console keymap.
Dec 28 18:39:13 vagrant systemd[1]: Started Apply Kernel Variables.
Dec 28 18:39:13 vagrant systemd[1]: Started Create Static Device Nodes in /dev.
Dec 28 18:39:13 vagrant systemd[1]: Starting udev Kernel Device Manager...
Dec 28 18:39:13 vagrant systemd[1]: Started udev Kernel Device Manager.
Dec 28 18:39:13 vagrant systemd[1]: Starting Remount Root and Kernel File Systems...
Dec 28 18:39:13 vagrant systemd[1]: Started Remount Root and Kernel File Systems.
Dec 28 18:39:13 vagrant lvm[396]:   2 logical volume(s) in volume group "vagrant-vg" monitored
Dec 28 18:39:13 vagrant systemd[1]: Starting udev Coldplug all Devices...
Dec 28 18:39:13 vagrant systemd[1]: Starting Flush Journal to Persistent Storage...
Dec 28 18:39:13 vagrant systemd[1]: Starting Load/Save Random Seed...
Dec 28 18:39:13 vagrant systemd[1]: Started Monitoring of LVM2 mirrors, snapshots etc. using dmeventd or progress polling.
Dec 28 18:39:13 vagrant systemd[1]: Reached target Local File Systems (Pre).
Dec 28 18:39:13 vagrant systemd[1]: Started Load/Save Random Seed.
Dec 28 18:39:13 vagrant systemd[1]: Started Flush Journal to Persistent Storage.
Dec 28 18:39:13 vagrant systemd[1]: Started udev Coldplug all Devices.
Dec 28 18:39:13 vagrant systemd[1]: Starting Show Plymouth Boot Screen...
Dec 28 18:39:13 vagrant systemd[1]: Started Show Plymouth Boot Screen.
Dec 28 18:39:13 vagrant systemd[1]: Started Forward Password Requests to Plymouth Directory Watch.
Dec 28 18:39:13 vagrant systemd[1]: Listening on Load/Save RF Kill Switch Status /dev/rfkill Watch.
Dec 28 18:39:13 vagrant systemd[1]: Found device 82540EM Gigabit Ethernet Controller (PRO/1000 MT Desktop Adapter).
Dec 28 18:39:13 vagrant systemd[1]: Found device /dev/mapper/vagrant--vg-swap_1.
Dec 28 18:39:13 vagrant systemd[1]: Activating swap /dev/mapper/vagrant--vg-swap_1...
Dec 28 18:39:13 vagrant systemd[1]: Activated swap /dev/mapper/vagrant--vg-swap_1.
Dec 28 18:39:13 vagrant systemd[1]: Reached target Swap.
Dec 28 18:39:13 vagrant systemd[1]: Found device VBOX_HARDDISK 1.
Dec 28 18:39:13 vagrant systemd[1]: Starting File System Check on /dev/disk/by-uuid/377a57ee-b128-4940-a795-31581885806c...
Dec 28 18:39:13 vagrant systemd[1]: Started File System Check Daemon to report status.
Dec 28 18:39:13 vagrant systemd-fsck[674]: /dev/sda1: clean, 303/46848 files, 17763/187136 blocks
Dec 28 18:39:13 vagrant systemd[1]: Started File System Check on /dev/disk/by-uuid/377a57ee-b128-4940-a795-31581885806c.
Dec 28 18:39:13 vagrant systemd[1]: Mounting /boot...
Dec 28 18:39:13 vagrant systemd[1]: Mounted /boot.
Dec 28 18:39:13 vagrant systemd[1]: Reached target Local File Systems.
Dec 28 18:39:13 vagrant systemd[1]: Starting Create Volatile Files and Directories...
Dec 28 18:39:13 vagrant systemd[1]: Starting Commit a transient machine-id on disk...
Dec 28 18:39:13 vagrant systemd[1]: Starting LSB: AppArmor initialization...
Dec 28 18:39:13 vagrant systemd-tmpfiles[689]: [/usr/lib/tmpfiles.d/var.conf:14] Duplicate line for path "/var/log", ignoring.
Dec 28 18:39:13 vagrant systemd[1]: Starting Preprocess NFS configuration...
Dec 28 18:39:13 vagrant systemd[1]: Starting Set console font and keymap...
Dec 28 18:39:13 vagrant systemd[1]: Starting Tell Plymouth To Write Out Runtime Data...
Dec 28 18:39:13 vagrant systemd[1]: Started Commit a transient machine-id on disk.
Dec 28 18:39:13 vagrant systemd[1]: Started Tell Plymouth To Write Out Runtime Data.
Dec 28 18:39:13 vagrant systemd[1]: Started Preprocess NFS configuration.
Dec 28 18:39:13 vagrant systemd[1]: Reached target NFS client services.
Dec 28 18:39:13 vagrant systemd[1]: Started Create Volatile Files and Directories.
Dec 28 18:39:13 vagrant systemd[1]: Starting Network Time Synchronization...
Dec 28 18:39:13 vagrant systemd[1]: Starting Update UTMP about System Boot/Shutdown...
Dec 28 18:39:13 vagrant apparmor[692]:  * Starting AppArmor profiles
Dec 28 18:39:13 vagrant systemd[1]: Started Update UTMP about System Boot/Shutdown.
Dec 28 18:39:13 vagrant systemd[1]: Started Network Time Synchronization.
Dec 28 18:39:13 vagrant systemd[1]: Reached target System Time Synchronized.
Dec 28 18:39:13 vagrant systemd[1]: Started Set console font and keymap.
Dec 28 18:39:13 vagrant systemd[1]: Created slice system-getty.slice.
Dec 28 18:39:13 vagrant apparmor[692]: Skipping profile in /etc/apparmor.d/disable: usr.sbin.rsyslogd
Dec 28 18:39:13 vagrant apparmor[692]:    ...done.
Dec 28 18:39:13 vagrant systemd[1]: Started LSB: AppArmor initialization.
Dec 28 18:39:13 vagrant systemd[1]: Started ifup for enp0s3.
Dec 28 18:39:13 vagrant systemd[1]: Reached target System Initialization.
Dec 28 18:39:13 vagrant systemd[1]: Listening on ACPID Listen Socket.
Dec 28 18:39:13 vagrant systemd[1]: Listening on RPCbind Server Activation Socket.
Dec 28 18:39:13 vagrant systemd[1]: Started Daily Cleanup of Temporary Directories.
Dec 28 18:39:13 vagrant systemd[1]: Starting LXD - unix socket.
Dec 28 18:39:13 vagrant systemd[1]: Listening on D-Bus System Message Bus Socket.
Dec 28 18:39:13 vagrant systemd[1]: Started ACPI Events Check.
Dec 28 18:39:13 vagrant systemd[1]: Reached target Paths.
Dec 28 18:39:13 vagrant systemd[1]: Listening on UUID daemon activation socket.
Dec 28 18:39:13 vagrant systemd[1]: Starting Socket activation for snappy daemon.
Dec 28 18:39:13 vagrant systemd[1]: Started Daily apt download activities.
Dec 28 18:39:13 vagrant systemd[1]: Started Daily apt upgrade and clean activities.
Dec 28 18:39:13 vagrant systemd[1]: Reached target Timers.
Dec 28 18:39:13 vagrant systemd[1]: Starting Raise network interfaces...
Dec 28 18:39:13 vagrant systemd[1]: Listening on LXD - unix socket.
Dec 28 18:39:13 vagrant systemd[1]: Listening on Socket activation for snappy daemon.
Dec 28 18:39:13 vagrant systemd[1]: Reached target Sockets.
Dec 28 18:39:13 vagrant systemd[1]: Reached target Basic System.
Dec 28 18:39:13 vagrant systemd[1]: Starting LSB: Record successful boot for GRUB...
Dec 28 18:39:13 vagrant systemd[1]: Starting System Logging Service...
Dec 28 18:39:13 vagrant systemd[1]: Starting Login Service...
Dec 28 18:39:13 vagrant systemd[1]: Started Regular background program processing daemon.
Dec 28 18:39:13 vagrant systemd[1]: Starting Snappy daemon...
Dec 28 18:39:13 vagrant systemd[1]: Started Deferred execution scheduler.
Dec 28 18:39:13 vagrant systemd[1]: Started ACPI event daemon.
Dec 28 18:39:13 vagrant systemd[1]: Started FUSE filesystem for LXC.
Dec 28 18:39:13 vagrant systemd[1]: Starting Accounts Service...
Dec 28 18:39:13 vagrant systemd[1]: Starting LSB: MD monitoring daemon...
Dec 28 18:39:13 vagrant systemd[1]: Started D-Bus System Message Bus.
Dec 28 18:39:13 vagrant cron[848]: (CRON) INFO (pidfile fd = 3)
Dec 28 18:39:13 vagrant acpid: starting up with netlink and the input layer
Dec 28 18:39:13 vagrant acpid: 1 rule loaded
Dec 28 18:39:13 vagrant acpid: waiting for events: event logging is off
Dec 28 18:39:13 vagrant cron[848]: (CRON) INFO (Running @reboot jobs)
Dec 28 18:39:13 vagrant lxcfs[861]: hierarchies:
Dec 28 18:39:13 vagrant lxcfs[861]:   0: fd:   5: perf_event
Dec 28 18:39:13 vagrant lxcfs[861]:   1: fd:   6: hugetlb
Dec 28 18:39:13 vagrant lxcfs[861]:   2: fd:   7: memory
Dec 28 18:39:13 vagrant lxcfs[861]:   3: fd:   8: cpuset
Dec 28 18:39:13 vagrant lxcfs[861]:   4: fd:   9: devices
Dec 28 18:39:13 vagrant lxcfs[861]:   5: fd:  10: cpu,cpuacct
Dec 28 18:39:13 vagrant lxcfs[861]:   6: fd:  11: freezer
Dec 28 18:39:13 vagrant lxcfs[861]:   7: fd:  12: net_cls,net_prio
Dec 28 18:39:13 vagrant lxcfs[861]:   8: fd:  13: pids
Dec 28 18:39:13 vagrant lxcfs[861]:   9: fd:  14: blkio
Dec 28 18:39:13 vagrant lxcfs[861]:  10: fd:  15: name=systemd
Dec 28 18:39:13 vagrant dhclient[823]: Internet Systems Consortium DHCP Client 4.3.3
Dec 28 18:39:13 vagrant sh[800]: Internet Systems Consortium DHCP Client 4.3.3
Dec 28 18:39:13 vagrant sh[800]: Copyright 2004-2015 Internet Systems Consortium.
Dec 28 18:39:13 vagrant sh[800]: All rights reserved.
Dec 28 18:39:13 vagrant sh[800]: For info, please visit https://www.isc.org/software/dhcp/
Dec 28 18:39:13 vagrant dhclient[823]: Copyright 2004-2015 Internet Systems Consortium.
Dec 28 18:39:13 vagrant dhclient[823]: All rights reserved.
Dec 28 18:39:13 vagrant dhclient[823]: For info, please visit https://www.isc.org/software/dhcp/
Dec 28 18:39:13 vagrant dhclient[823]: 
Dec 28 18:39:13 vagrant dhclient[823]: Listening on LPF/enp0s3/08:00:27:ee:87:c4
Dec 28 18:39:13 vagrant sh[800]: Listening on LPF/enp0s3/08:00:27:ee:87:c4
Dec 28 18:39:13 vagrant dhclient[823]: Sending on   LPF/enp0s3/08:00:27:ee:87:c4
Dec 28 18:39:13 vagrant sh[800]: Sending on   LPF/enp0s3/08:00:27:ee:87:c4
Dec 28 18:39:13 vagrant dhclient[823]: Sending on   Socket/fallback
Dec 28 18:39:13 vagrant sh[800]: Sending on   Socket/fallback
Dec 28 18:39:13 vagrant dhclient[823]: DHCPDISCOVER on enp0s3 to 255.255.255.255 port 67 interval 3 (xid=0xdab53456)
Dec 28 18:39:13 vagrant sh[800]: DHCPDISCOVER on enp0s3 to 255.255.255.255 port 67 interval 3 (xid=0xdab53456)
Dec 28 18:39:13 vagrant dhclient[823]: DHCPREQUEST of 10.0.2.15 on enp0s3 to 255.255.255.255 port 67 (xid=0x5634b5da)
Dec 28 18:39:13 vagrant sh[800]: DHCPREQUEST of 10.0.2.15 on enp0s3 to 255.255.255.255 port 67 (xid=0x5634b5da)
Dec 28 18:39:13 vagrant dhclient[823]: DHCPOFFER of 10.0.2.15 from 10.0.2.2
Dec 28 18:39:13 vagrant sh[800]: DHCPOFFER of 10.0.2.15 from 10.0.2.2
Dec 28 18:39:13 vagrant dhclient[823]: DHCPACK of 10.0.2.15 from 10.0.2.2
Dec 28 18:39:13 vagrant sh[800]: DHCPACK of 10.0.2.15 from 10.0.2.2
Dec 28 18:39:13 vagrant root: /etc/dhcp/dhclient-enter-hooks.d/samba returned non-zero exit status 1
Dec 28 18:39:14 vagrant dhclient[823]: bound to 10.0.2.15 -- renewal in 38512 seconds.
Dec 28 18:39:14 vagrant sh[800]: bound to 10.0.2.15 -- renewal in 38512 seconds.
Dec 28 18:39:14 vagrant dbus[864]: [system] AppArmor D-Bus mediation is enabled
Dec 28 18:39:14 vagrant systemd[1]: Starting LXD - container startup/shutdown...
Dec 28 18:39:14 vagrant systemd[1]: Started System Logging Service.
Dec 28 18:39:14 vagrant mdadm[863]:  * Starting MD monitoring service mdadm --monitor
Dec 28 18:39:14 vagrant systemd[1]: Started Login Service.
Dec 28 18:39:14 vagrant systemd[1]: Started Raise network interfaces.
Dec 28 18:39:14 vagrant systemd[1]: Reached target Network.
Dec 28 18:39:14 vagrant systemd[1]: Reached target Network is Online.
Dec 28 18:39:14 vagrant systemd[1]: Starting iSCSI initiator daemon (iscsid)...
Dec 28 18:39:14 vagrant systemd[1]: Started Unattended Upgrades Shutdown.
Dec 28 18:39:14 vagrant systemd[1]: Starting OpenBSD Secure Shell server...
Dec 28 18:39:14 vagrant systemd[1]: Starting /etc/rc.local Compatibility...
Dec 28 18:39:14 vagrant systemd[1]: Started /etc/rc.local Compatibility.
Dec 28 18:39:14 vagrant dbus[864]: [system] Activating via systemd: service name='org.freedesktop.PolicyKit1' unit='polkitd.service'
Dec 28 18:39:14 vagrant systemd[1]: Starting Authenticate and Authorize Users to Run Privileged Tasks...
Dec 28 18:39:14 vagrant mdadm[863]:    ...done.
Dec 28 18:39:14 vagrant systemd[1]: Started LSB: MD monitoring daemon.
Dec 28 18:39:14 vagrant systemd[1]: Started LSB: Record successful boot for GRUB.
Dec 28 18:39:15 vagrant iscsid: iSCSI logger with pid=1062 started!
Dec 28 18:39:15 vagrant systemd[1]: iscsid.service: Failed to read PID from file /run/iscsid.pid: Invalid argument
Dec 28 18:39:15 vagrant systemd[1]: Started iSCSI initiator daemon (iscsid).
Dec 28 18:39:15 vagrant systemd[1]: Starting Login to default iSCSI targets...
Dec 28 18:39:15 vagrant iscsid: iSCSI daemon with pid=1063 started!
Dec 28 18:39:15 vagrant iscsiadm[1069]: iscsiadm: No records found
Dec 28 18:39:15 vagrant systemd[1]: Started Login to default iSCSI targets.
Dec 28 18:39:15 vagrant systemd[1]: Reached target Remote File Systems (Pre).
Dec 28 18:39:15 vagrant systemd[1]: Reached target Remote File Systems.
Dec 28 18:39:15 vagrant systemd[1]: Starting Permit User Sessions...
Dec 28 18:39:15 vagrant systemd[1]: Starting LSB: daemon to balance interrupts for SMP systems...
Dec 28 18:39:15 vagrant systemd[1]: Starting LSB: Set the CPU Frequency Scaling governor to "ondemand"...
Dec 28 18:39:15 vagrant systemd[1]: Starting LSB: automatic crash report generation...
Dec 28 18:39:15 vagrant systemd[1]: Started Permit User Sessions.
Dec 28 18:39:15 vagrant polkitd[1054]: started daemon version 0.105 using authority implementation `local' version `0.105'
Dec 28 18:39:15 vagrant dbus[864]: [system] Successfully activated service 'org.freedesktop.PolicyKit1'
Dec 28 18:39:15 vagrant accounts-daemon[862]: started daemon version 0.6.40
Dec 28 18:39:15 vagrant systemd[1]: Started Authenticate and Authorize Users to Run Privileged Tasks.
Dec 28 18:39:15 vagrant systemd[1]: Started Accounts Service.
Dec 28 18:39:15 vagrant systemd[1]: Starting Terminate Plymouth Boot Screen...
Dec 28 18:39:15 vagrant systemd[1]: Starting Hold until boot process finishes up...
Dec 28 18:39:15 vagrant systemd[1]: Started LSB: Set the CPU Frequency Scaling governor to "ondemand".
Dec 28 18:39:15 vagrant systemd[1]: Received SIGRTMIN+21 from PID 256 (plymouthd).
Dec 28 18:39:15 vagrant irqbalance[1081]:  * Starting SMP IRQ Balancer: irqbalance
Dec 28 18:39:15 vagrant systemd[1]: Started Terminate Plymouth Boot Screen.
Dec 28 18:39:15 vagrant systemd[1]: Started Hold until boot process finishes up.
Dec 28 18:39:15 vagrant systemd[1]: Starting Set console scheme...
Dec 28 18:39:15 vagrant systemd[1]: Started Getty on tty1.
Dec 28 18:39:15 vagrant systemd[1]: Reached target Login Prompts.
Dec 28 18:39:15 vagrant apport[1083]:  * Starting automatic crash report generation: apport
Dec 28 18:39:15 vagrant systemd[1]: Started Set console scheme.
Dec 28 18:39:15 vagrant /usr/sbin/irqbalance: Balancing is ineffective on systems with a single cpu.  Shutting down
Dec 28 18:39:15 vagrant irqbalance[1081]:    ...done.
Dec 28 18:39:15 vagrant systemd[1]: Started LSB: daemon to balance interrupts for SMP systems.
Dec 28 18:39:15 vagrant apport[1083]:    ...done.
Dec 28 18:39:15 vagrant systemd[1]: Started LSB: automatic crash report generation.
Dec 28 18:39:16 vagrant systemd[1]: Started OpenBSD Secure Shell server.
Dec 28 18:39:17 vagrant snapd[851]: AppArmor status: apparmor is enabled and all features are available
Dec 28 18:39:17 vagrant snapd[851]: 2018/12/28 18:39:17.422074 helpers.go:119: error trying to compare the snap system key: system-key missing on disk
Dec 28 18:39:17 vagrant snapd[851]: 2018/12/28 18:39:17.474280 daemon.go:343: started snapd/2.34.2 (series 16; classic) ubuntu/16.04 (amd64) linux/4.4.0-131-generic.
Dec 28 18:39:17 vagrant systemd[1]: Started Snappy daemon.
Dec 28 18:39:17 vagrant systemd[1]: Starting Wait until snapd is fully seeded...
Dec 28 18:39:17 vagrant systemd[1]: Started LXD - container startup/shutdown.
Dec 28 18:39:22 vagrant systemd[1]: Started Wait until snapd is fully seeded.
Dec 28 18:39:22 vagrant systemd[1]: Reached target Multi-User System.
Dec 28 18:39:22 vagrant systemd[1]: Reached target Graphical Interface.
Dec 28 18:39:22 vagrant systemd[1]: Starting Update UTMP about System Runlevel Changes...
Dec 28 18:39:22 vagrant systemd[1]: Started Update UTMP about System Runlevel Changes.
Dec 28 18:39:22 vagrant systemd[1]: Startup finished in 4.812s (kernel) + 16.460s (userspace) = 21.272s.
Dec 28 18:39:22 vagrant systemd[1]: Created slice User Slice of vagrant.
Dec 28 18:39:22 vagrant systemd[1]: Starting User Manager for UID 1000...
Dec 28 18:39:22 vagrant systemd[1]: Started Session 1 of user vagrant.
Dec 28 18:39:22 vagrant systemd[1173]: Reached target Paths.
Dec 28 18:39:22 vagrant systemd[1173]: Reached target Sockets.
Dec 28 18:39:22 vagrant systemd[1173]: Reached target Timers.
Dec 28 18:39:22 vagrant systemd[1173]: Reached target Basic System.
Dec 28 18:39:22 vagrant systemd[1173]: Reached target Default.
Dec 28 18:39:22 vagrant systemd[1173]: Startup finished in 92ms.
Dec 28 18:39:22 vagrant systemd[1]: Started User Manager for UID 1000.
Dec 28 18:39:34 vagrant systemd[1]: Stopped Daily apt download activities.
Dec 28 18:39:34 vagrant systemd[1]: Stopped Daily apt upgrade and clean activities.
Dec 28 18:39:35 vagrant systemd[1]: Reloading.
Dec 28 18:39:35 vagrant systemd[1]: Reloading.
Dec 28 18:39:35 vagrant systemd[1]: Started ACPI event daemon.
Dec 28 18:39:35 vagrant systemd[1]: Reloading.
Dec 28 18:39:35 vagrant systemd[1]: Started ACPI event daemon.
Dec 28 18:39:35 vagrant systemd[1]: Reloading.
Dec 28 18:39:35 vagrant systemd[1]: Started ACPI event daemon.
Dec 28 18:39:35 vagrant systemd[1]: Reloading.
Dec 28 18:39:35 vagrant systemd[1]: Started ACPI event daemon.
Dec 28 18:39:35 vagrant systemd[1]: Started ACPI event daemon.
Dec 28 18:39:39 vagrant systemd[1]: Reloading.
Dec 28 18:39:39 vagrant systemd[1]: Stopping Unattended Upgrades Shutdown...
Dec 28 18:39:39 vagrant systemd[1]: Started ACPI event daemon.
Dec 28 18:39:39 vagrant systemd[1]: Stopped Unattended Upgrades Shutdown.
Dec 28 18:39:42 vagrant systemd[1]: Reloading.
Dec 28 18:39:42 vagrant systemd[1]: Started ACPI event daemon.
Dec 28 18:39:42 vagrant systemd[1]: Reloading.
Dec 28 18:39:42 vagrant systemd[1]: Started ACPI event daemon.
Dec 28 18:39:42 vagrant systemd-timesyncd[723]: Synchronized to time server 91.189.89.198:123 (ntp.ubuntu.com).
Dec 28 18:39:43 vagrant systemd[1]: Reloading.
Dec 28 18:39:43 vagrant systemd[1]: Reloading.
Dec 28 18:39:43 vagrant systemd[1]: Started ACPI event daemon.
Dec 28 18:39:43 vagrant systemd[1]: Started ACPI event daemon.
Dec 28 18:39:43 vagrant systemd[1]: Reloading.
Dec 28 18:39:43 vagrant systemd[1]: Started ACPI event daemon.
Dec 28 18:39:43 vagrant systemd[1]: Reloading.
Dec 28 18:39:43 vagrant systemd[1]: Started ACPI event daemon.
Dec 28 18:39:43 vagrant systemd[1]: Reloading.
Dec 28 18:39:44 vagrant systemd[1]: Reloading.
Dec 28 18:39:44 vagrant systemd[1]: Started ACPI event daemon.
Dec 28 18:39:44 vagrant systemd[1]: Started ACPI event daemon.
Dec 28 18:40:03 vagrant systemd[1]: Stopped Daily apt upgrade and clean activities.
Dec 28 18:40:03 vagrant systemd[1]: Stopped Daily apt download activities.
Dec 28 18:40:04 vagrant systemd[1]: Reloading.
Dec 28 18:40:04 vagrant systemd[1]: Started ACPI event daemon.
Dec 28 18:40:05 vagrant systemd[1]: Reloading.
Dec 28 18:40:05 vagrant systemd[1]: Started ACPI event daemon.
Dec 28 18:40:08 vagrant dbus[864]: [system] Reloaded configuration
Dec 28 18:40:10 vagrant dbus[864]: message repeated 23 times: [ [system] Reloaded configuration]
Dec 28 18:40:10 vagrant systemd[1]: Reloading.
Dec 28 18:40:10 vagrant systemd[1]: Reloading.
Dec 28 18:40:11 vagrant systemd[1]: Started ACPI event daemon.
Dec 28 18:40:11 vagrant systemd[1]: Reloading.
Dec 28 18:40:11 vagrant systemd[1]: Started ACPI event daemon.
Dec 28 18:40:11 vagrant systemd[1]: Reexecuting.
Dec 28 18:40:11 vagrant systemd[1]: systemd 229 running in system mode. (+PAM +AUDIT +SELINUX +IMA +APPARMOR +SMACK +SYSVINIT +UTMP +LIBCRYPTSETUP +GCRYPT +GNUTLS +ACL +XZ -LZ4 +SECCOMP +BLKID +ELFUTILS +KMOD -IDN)
Dec 28 18:40:11 vagrant systemd[1]: Detected virtualization oracle.
Dec 28 18:40:11 vagrant systemd[1]: Detected architecture x86-64.
Dec 28 18:40:11 vagrant systemd[1]: Started ACPI event daemon.
Dec 28 18:40:11 vagrant systemd[1]: Stopping Network Time Synchronization...
Dec 28 18:40:11 vagrant systemd[1]: Stopped Network Time Synchronization.
Dec 28 18:40:11 vagrant systemd[1]: Starting Network Time Synchronization...
Dec 28 18:40:11 vagrant systemd[1]: Started Network Time Synchronization.
Dec 28 18:40:11 vagrant systemd[1]: Started Trigger resolvconf update for networkd DNS.
Dec 28 18:40:11 vagrant systemd-timesyncd[5557]: Synchronized to time server 91.189.94.4:123 (ntp.ubuntu.com).
Dec 28 18:40:12 vagrant systemd[1]: Reloading.
Dec 28 18:40:12 vagrant systemd[1]: Started ACPI event daemon.
Dec 28 18:40:12 vagrant systemd[1]: Reloading.
Dec 28 18:40:12 vagrant systemd[1]: Started ACPI event daemon.
Dec 28 18:40:13 vagrant systemd[1]: Reloading.
Dec 28 18:40:13 vagrant systemd[1]: Started ACPI event daemon.
Dec 28 18:40:14 vagrant systemd[1]: Reloading.
Dec 28 18:40:14 vagrant systemd[1]: Started ACPI event daemon.
Dec 28 18:40:14 vagrant systemd[1]: Reloading.
Dec 28 18:40:14 vagrant systemd[1]: Started ACPI event daemon.
Dec 28 18:40:14 vagrant systemd[1]: Reloading.
Dec 28 18:40:14 vagrant systemd[1]: Reloading.
Dec 28 18:40:15 vagrant systemd[1]: Started ACPI event daemon.
Dec 28 18:40:19 vagrant systemd[1]: Reloading.
Dec 28 18:40:20 vagrant systemd[1]: Reloading.
Dec 28 18:40:20 vagrant systemd[1]: Started ACPI event daemon.
Dec 28 18:40:22 vagrant systemd[1]: Reloading.
Dec 28 18:40:22 vagrant systemd[1]: Started ACPI event daemon.
Dec 28 18:41:31 vagrant systemd[1]: Reloading.
Dec 28 18:41:32 vagrant systemd[1]: Started ACPI event daemon.
Dec 28 18:41:34 vagrant systemd[1]: Reloading.
Dec 28 18:41:34 vagrant systemd[1]: Started ACPI event daemon.
Dec 28 18:41:34 vagrant systemd[1]: Reloading.
Dec 28 18:41:34 vagrant systemd[1]: Stopping udev Kernel Device Manager...
Dec 28 18:41:34 vagrant systemd[1]: Started ACPI event daemon.
Dec 28 18:41:34 vagrant systemd[1]: Stopped udev Kernel Device Manager.
Dec 28 18:41:34 vagrant systemd[1]: Starting udev Kernel Device Manager...
Dec 28 18:41:34 vagrant systemd[1]: Started udev Kernel Device Manager.
Dec 28 18:41:34 vagrant systemd[1]: Reloading.
Dec 28 18:41:35 vagrant systemd[1]: Started ACPI event daemon.
Dec 28 18:41:35 vagrant systemd[1]: Reloading.
Dec 28 18:41:35 vagrant systemd[1]: Started ACPI event daemon.
Dec 28 18:41:37 vagrant kernel: [  156.750263] SGI XFS with ACLs, security attributes, realtime, no debug enabled
Dec 28 18:41:37 vagrant kernel: [  156.821429] JFS: nTxBlock = 7937, nTxLock = 63498
Dec 28 18:41:37 vagrant kernel: [  156.878563] ntfs: driver 2.1.32 [Flags: R/O MODULE].
Dec 28 18:41:37 vagrant kernel: [  156.918299] QNX4 filesystem 0.2.3 registered.
Dec 28 18:41:37 vagrant os-prober: debug: running /usr/lib/os-probes/mounted/05efi on mounted /dev/sda1
Dec 28 18:41:37 vagrant 05efi: debug: Not on UEFI platform
Dec 28 18:41:37 vagrant os-prober: debug: running /usr/lib/os-probes/mounted/10freedos on mounted /dev/sda1
Dec 28 18:41:37 vagrant 10freedos: debug: /dev/sda1 is not a FAT partition: exiting
Dec 28 18:41:37 vagrant os-prober: debug: running /usr/lib/os-probes/mounted/10qnx on mounted /dev/sda1
Dec 28 18:41:37 vagrant 10qnx: debug: /dev/sda1 is not a QNX4 partition: exiting
Dec 28 18:41:37 vagrant os-prober: debug: running /usr/lib/os-probes/mounted/20macosx on mounted /dev/sda1
Dec 28 18:41:37 vagrant macosx-prober: debug: /dev/sda1 is not an HFS+ partition: exiting
Dec 28 18:41:37 vagrant os-prober: debug: running /usr/lib/os-probes/mounted/20microsoft on mounted /dev/sda1
Dec 28 18:41:37 vagrant 20microsoft: debug: /dev/sda1 is not a MS partition: exiting
Dec 28 18:41:37 vagrant os-prober: debug: running /usr/lib/os-probes/mounted/30utility on mounted /dev/sda1
Dec 28 18:41:37 vagrant 30utility: debug: /dev/sda1 is not a FAT partition: exiting
Dec 28 18:41:37 vagrant os-prober: debug: running /usr/lib/os-probes/mounted/40lsb on mounted /dev/sda1
Dec 28 18:41:37 vagrant os-prober: debug: running /usr/lib/os-probes/mounted/70hurd on mounted /dev/sda1
Dec 28 18:41:37 vagrant os-prober: debug: running /usr/lib/os-probes/mounted/80minix on mounted /dev/sda1
Dec 28 18:41:37 vagrant os-prober: debug: running /usr/lib/os-probes/mounted/83haiku on mounted /dev/sda1
Dec 28 18:41:37 vagrant 83haiku: debug: /dev/sda1 is not a BeFS partition: exiting
Dec 28 18:41:37 vagrant os-prober: debug: running /usr/lib/os-probes/mounted/90linux-distro on mounted /dev/sda1
Dec 28 18:41:37 vagrant os-prober: debug: running /usr/lib/os-probes/mounted/90solaris on mounted /dev/sda1
Dec 28 18:41:38 vagrant os-prober: debug: /dev/sda2: DOS extended partition; skipping
Dec 28 18:41:38 vagrant os-prober: debug: running /usr/lib/os-probes/50mounted-tests on /dev/sda5
Dec 28 18:41:38 vagrant 50mounted-tests: debug: /dev/sda5 is a LVM member partition; skipping
Dec 28 18:41:38 vagrant os-prober: debug: os detected by /usr/lib/os-probes/50mounted-tests
Dec 28 18:41:38 vagrant os-prober: debug: /dev/mapper/vagrant--vg-swap_1: is active swap
Dec 28 18:41:44 vagrant systemd[1]: Reloading.
Dec 28 18:41:44 vagrant systemd[1]: Started ACPI event daemon.
Dec 28 18:41:44 vagrant systemd[1]: Reloading.
Dec 28 18:41:44 vagrant systemd[1]: Started ACPI event daemon.
Dec 28 18:41:46 vagrant systemd[1]: Reloading.
Dec 28 18:41:46 vagrant systemd[1]: Stopping iSCSI initiator daemon (iscsid)...
Dec 28 18:41:46 vagrant systemd[1]: Started ACPI event daemon.
Dec 28 18:41:46 vagrant iscsid: iscsid shutting down.
Dec 28 18:41:46 vagrant systemd[1]: Stopped iSCSI initiator daemon (iscsid).
Dec 28 18:41:46 vagrant systemd[1]: Starting iSCSI initiator daemon (iscsid)...
Dec 28 18:41:46 vagrant iscsid: iSCSI logger with pid=12928 started!
Dec 28 18:41:46 vagrant iscsid: iSCSI daemon with pid=12929 started!
Dec 28 18:41:46 vagrant systemd[1]: Started iSCSI initiator daemon (iscsid).
Dec 28 18:41:46 vagrant systemd[1]: Reloading.
Dec 28 18:41:46 vagrant systemd[1]: Started Login to default iSCSI targets.
Dec 28 18:41:46 vagrant systemd[1]: Started ACPI event daemon.
Dec 28 18:41:49 vagrant systemd[1]: Reloading.
Dec 28 18:41:49 vagrant systemd[1]: Started ACPI event daemon.
Dec 28 18:41:50 vagrant kernel: [  169.354044] audit_printk_skb: 9 callbacks suppressed
Dec 28 18:41:50 vagrant kernel: [  169.354047] audit: type=1400 audit(1546022510.198:15): apparmor="STATUS" operation="profile_replace" profile="unconfined" name="lxc-container-default" pid=13044 comm="apparmor_parser"
Dec 28 18:41:50 vagrant kernel: [  169.354556] audit: type=1400 audit(1546022510.198:16): apparmor="STATUS" operation="profile_replace" profile="unconfined" name="lxc-container-default-cgns" pid=13044 comm="apparmor_parser"
Dec 28 18:41:50 vagrant kernel: [  169.355345] audit: type=1400 audit(1546022510.206:17): apparmor="STATUS" operation="profile_replace" profile="unconfined" name="lxc-container-default-with-mounting" pid=13044 comm="apparmor_parser"
Dec 28 18:41:50 vagrant kernel: [  169.355786] audit: type=1400 audit(1546022510.206:18): apparmor="STATUS" operation="profile_replace" profile="unconfined" name="lxc-container-default-with-nesting" pid=13044 comm="apparmor_parser"
Dec 28 18:41:50 vagrant kernel: [  169.530420] audit: type=1400 audit(1546022510.378:19): apparmor="STATUS" operation="profile_replace" profile="unconfined" name="/sbin/dhclient" pid=13046 comm="apparmor_parser"
Dec 28 18:41:50 vagrant kernel: [  169.530862] audit: type=1400 audit(1546022510.378:20): apparmor="STATUS" operation="profile_replace" profile="unconfined" name="/usr/lib/NetworkManager/nm-dhcp-client.action" pid=13046 comm="apparmor_parser"
Dec 28 18:41:50 vagrant kernel: [  169.531215] audit: type=1400 audit(1546022510.378:21): apparmor="STATUS" operation="profile_replace" profile="unconfined" name="/usr/lib/NetworkManager/nm-dhcp-helper" pid=13046 comm="apparmor_parser"
Dec 28 18:41:50 vagrant kernel: [  169.531551] audit: type=1400 audit(1546022510.378:22): apparmor="STATUS" operation="profile_replace" profile="unconfined" name="/usr/lib/connman/scripts/dhclient-script" pid=13046 comm="apparmor_parser"
Dec 28 18:41:50 vagrant kernel: [  169.544468] audit: type=1400 audit(1546022510.398:23): apparmor="STATUS" operation="profile_replace" profile="unconfined" name="/usr/bin/lxc-start" pid=13048 comm="apparmor_parser"
Dec 28 18:41:50 vagrant kernel: [  169.627533] audit: type=1400 audit(1546022510.478:24): apparmor="STATUS" operation="profile_replace" profile="unconfined" name="/usr/lib/lxd/lxd-bridge-proxy" pid=13050 comm="apparmor_parser"
Dec 28 18:42:46 vagrant os-prober: debug: running /usr/lib/os-probes/mounted/05efi on mounted /dev/sda1
Dec 28 18:42:46 vagrant 05efi: debug: Not on UEFI platform
Dec 28 18:42:46 vagrant os-prober: debug: running /usr/lib/os-probes/mounted/10freedos on mounted /dev/sda1
Dec 28 18:42:46 vagrant 10freedos: debug: /dev/sda1 is not a FAT partition: exiting
Dec 28 18:42:46 vagrant os-prober: debug: running /usr/lib/os-probes/mounted/10qnx on mounted /dev/sda1
Dec 28 18:42:46 vagrant 10qnx: debug: /dev/sda1 is not a QNX4 partition: exiting
Dec 28 18:42:46 vagrant os-prober: debug: running /usr/lib/os-probes/mounted/20macosx on mounted /dev/sda1
Dec 28 18:42:46 vagrant macosx-prober: debug: /dev/sda1 is not an HFS+ partition: exiting
Dec 28 18:42:46 vagrant os-prober: debug: running /usr/lib/os-probes/mounted/20microsoft on mounted /dev/sda1
Dec 28 18:42:46 vagrant 20microsoft: debug: /dev/sda1 is not a MS partition: exiting
Dec 28 18:42:46 vagrant os-prober: debug: running /usr/lib/os-probes/mounted/30utility on mounted /dev/sda1
Dec 28 18:42:46 vagrant 30utility: debug: /dev/sda1 is not a FAT partition: exiting
Dec 28 18:42:46 vagrant os-prober: debug: running /usr/lib/os-probes/mounted/40lsb on mounted /dev/sda1
Dec 28 18:42:46 vagrant os-prober: debug: running /usr/lib/os-probes/mounted/70hurd on mounted /dev/sda1
Dec 28 18:42:46 vagrant os-prober: debug: running /usr/lib/os-probes/mounted/80minix on mounted /dev/sda1
Dec 28 18:42:46 vagrant os-prober: debug: running /usr/lib/os-probes/mounted/83haiku on mounted /dev/sda1
Dec 28 18:42:46 vagrant 83haiku: debug: /dev/sda1 is not a BeFS partition: exiting
Dec 28 18:42:46 vagrant os-prober: debug: running /usr/lib/os-probes/mounted/90linux-distro on mounted /dev/sda1
Dec 28 18:42:46 vagrant os-prober: debug: running /usr/lib/os-probes/mounted/90solaris on mounted /dev/sda1
Dec 28 18:42:46 vagrant os-prober: debug: /dev/sda2: DOS extended partition; skipping
Dec 28 18:42:46 vagrant os-prober: debug: running /usr/lib/os-probes/50mounted-tests on /dev/sda5
Dec 28 18:42:46 vagrant 50mounted-tests: debug: /dev/sda5 is a LVM member partition; skipping
Dec 28 18:42:46 vagrant os-prober: debug: os detected by /usr/lib/os-probes/50mounted-tests
Dec 28 18:42:46 vagrant os-prober: debug: /dev/mapper/vagrant--vg-swap_1: is active swap
Dec 28 18:43:02 vagrant os-prober: debug: running /usr/lib/os-probes/mounted/05efi on mounted /dev/sda1
Dec 28 18:43:02 vagrant 05efi: debug: Not on UEFI platform
Dec 28 18:43:02 vagrant os-prober: debug: running /usr/lib/os-probes/mounted/10freedos on mounted /dev/sda1
Dec 28 18:43:02 vagrant 10freedos: debug: /dev/sda1 is not a FAT partition: exiting
Dec 28 18:43:02 vagrant os-prober: debug: running /usr/lib/os-probes/mounted/10qnx on mounted /dev/sda1
Dec 28 18:43:02 vagrant 10qnx: debug: /dev/sda1 is not a QNX4 partition: exiting
Dec 28 18:43:02 vagrant os-prober: debug: running /usr/lib/os-probes/mounted/20macosx on mounted /dev/sda1
Dec 28 18:43:02 vagrant macosx-prober: debug: /dev/sda1 is not an HFS+ partition: exiting
Dec 28 18:43:02 vagrant os-prober: debug: running /usr/lib/os-probes/mounted/20microsoft on mounted /dev/sda1
Dec 28 18:43:02 vagrant 20microsoft: debug: /dev/sda1 is not a MS partition: exiting
Dec 28 18:43:02 vagrant os-prober: debug: running /usr/lib/os-probes/mounted/30utility on mounted /dev/sda1
Dec 28 18:43:02 vagrant 30utility: debug: /dev/sda1 is not a FAT partition: exiting
Dec 28 18:43:02 vagrant os-prober: debug: running /usr/lib/os-probes/mounted/40lsb on mounted /dev/sda1
Dec 28 18:43:02 vagrant os-prober: debug: running /usr/lib/os-probes/mounted/70hurd on mounted /dev/sda1
Dec 28 18:43:02 vagrant os-prober: debug: running /usr/lib/os-probes/mounted/80minix on mounted /dev/sda1
Dec 28 18:43:02 vagrant os-prober: debug: running /usr/lib/os-probes/mounted/83haiku on mounted /dev/sda1
Dec 28 18:43:02 vagrant 83haiku: debug: /dev/sda1 is not a BeFS partition: exiting
Dec 28 18:43:02 vagrant os-prober: debug: running /usr/lib/os-probes/mounted/90linux-distro on mounted /dev/sda1
Dec 28 18:43:02 vagrant os-prober: debug: running /usr/lib/os-probes/mounted/90solaris on mounted /dev/sda1
Dec 28 18:43:02 vagrant os-prober: debug: /dev/sda2: DOS extended partition; skipping
Dec 28 18:43:02 vagrant os-prober: debug: running /usr/lib/os-probes/50mounted-tests on /dev/sda5
Dec 28 18:43:02 vagrant 50mounted-tests: debug: /dev/sda5 is a LVM member partition; skipping
Dec 28 18:43:02 vagrant os-prober: debug: os detected by /usr/lib/os-probes/50mounted-tests
Dec 28 18:43:02 vagrant os-prober: debug: /dev/mapper/vagrant--vg-swap_1: is active swap
Dec 28 18:43:24 vagrant os-prober: debug: running /usr/lib/os-probes/mounted/05efi on mounted /dev/sda1
Dec 28 18:43:24 vagrant 05efi: debug: Not on UEFI platform
Dec 28 18:43:24 vagrant os-prober: debug: running /usr/lib/os-probes/mounted/10freedos on mounted /dev/sda1
Dec 28 18:43:24 vagrant 10freedos: debug: /dev/sda1 is not a FAT partition: exiting
Dec 28 18:43:24 vagrant os-prober: debug: running /usr/lib/os-probes/mounted/10qnx on mounted /dev/sda1
Dec 28 18:43:24 vagrant 10qnx: debug: /dev/sda1 is not a QNX4 partition: exiting
Dec 28 18:43:24 vagrant os-prober: debug: running /usr/lib/os-probes/mounted/20macosx on mounted /dev/sda1
Dec 28 18:43:24 vagrant macosx-prober: debug: /dev/sda1 is not an HFS+ partition: exiting
Dec 28 18:43:24 vagrant os-prober: debug: running /usr/lib/os-probes/mounted/20microsoft on mounted /dev/sda1
Dec 28 18:43:24 vagrant 20microsoft: debug: /dev/sda1 is not a MS partition: exiting
Dec 28 18:43:24 vagrant os-prober: debug: running /usr/lib/os-probes/mounted/30utility on mounted /dev/sda1
Dec 28 18:43:24 vagrant 30utility: debug: /dev/sda1 is not a FAT partition: exiting
Dec 28 18:43:24 vagrant os-prober: debug: running /usr/lib/os-probes/mounted/40lsb on mounted /dev/sda1
Dec 28 18:43:24 vagrant os-prober: debug: running /usr/lib/os-probes/mounted/70hurd on mounted /dev/sda1
Dec 28 18:43:24 vagrant os-prober: debug: running /usr/lib/os-probes/mounted/80minix on mounted /dev/sda1
Dec 28 18:43:24 vagrant os-prober: debug: running /usr/lib/os-probes/mounted/83haiku on mounted /dev/sda1
Dec 28 18:43:24 vagrant 83haiku: debug: /dev/sda1 is not a BeFS partition: exiting
Dec 28 18:43:24 vagrant os-prober: debug: running /usr/lib/os-probes/mounted/90linux-distro on mounted /dev/sda1
Dec 28 18:43:24 vagrant os-prober: debug: running /usr/lib/os-probes/mounted/90solaris on mounted /dev/sda1
Dec 28 18:43:24 vagrant os-prober: debug: /dev/sda2: DOS extended partition; skipping
Dec 28 18:43:24 vagrant os-prober: debug: running /usr/lib/os-probes/50mounted-tests on /dev/sda5
Dec 28 18:43:24 vagrant 50mounted-tests: debug: /dev/sda5 is a LVM member partition; skipping
Dec 28 18:43:24 vagrant os-prober: debug: os detected by /usr/lib/os-probes/50mounted-tests
Dec 28 18:43:24 vagrant os-prober: debug: /dev/mapper/vagrant--vg-swap_1: is active swap
Dec 28 18:43:25 vagrant kernel: [  264.209047] ISO 9660 Extensions: Microsoft Joliet Level 3
Dec 28 18:43:25 vagrant kernel: [  264.210715] ISO 9660 Extensions: Microsoft Joliet Level 3
Dec 28 18:43:25 vagrant kernel: [  264.260910] ISO 9660 Extensions: RRIP_1991A
Dec 28 18:44:50 vagrant kernel: [  349.974512] vboxsf: loading out-of-tree module taints kernel.
Dec 28 18:44:50 vagrant kernel: [  349.974551] vboxsf: module verification failed: signature and/or required key missing - tainting kernel
Dec 28 18:44:50 vagrant kernel: [  349.974602] vboxsf: Unknown symbol VBoxGuestIDC (err 0)
Dec 28 18:44:51 vagrant systemd[1]: Reexecuting.
Dec 28 18:44:51 vagrant systemd[1]: systemd 229 running in system mode. (+PAM +AUDIT +SELINUX +IMA +APPARMOR +SMACK +SYSVINIT +UTMP +LIBCRYPTSETUP +GCRYPT +GNUTLS +ACL +XZ -LZ4 +SECCOMP +BLKID +ELFUTILS +KMOD -IDN)
Dec 28 18:44:51 vagrant systemd[1]: Detected virtualization oracle.
Dec 28 18:44:51 vagrant systemd[1]: Detected architecture x86-64.
Dec 28 18:44:51 vagrant systemd[1]: Started ACPI event daemon.
Dec 28 18:44:51 vagrant systemd[1]: Reloading.
Dec 28 18:44:52 vagrant systemd[1]: Starting vboxadd.service...
Dec 28 18:44:52 vagrant systemd[1]: Started ACPI event daemon.
Dec 28 18:44:52 vagrant vboxadd[24476]: VirtualBox Guest Additions: Starting.
Dec 28 18:44:52 vagrant kernel: [  351.590860] vboxsf: Unknown symbol VBoxGuestIDC (err 0)
Dec 28 18:44:52 vagrant vboxadd[24476]: VirtualBox Guest Additions: modprobe vboxsf failed
Dec 28 18:44:52 vagrant systemd[1]: Started vboxadd.service.
Dec 28 18:44:52 vagrant systemd[1]: Reexecuting.
Dec 28 18:44:53 vagrant systemd[1]: systemd 229 running in system mode. (+PAM +AUDIT +SELINUX +IMA +APPARMOR +SMACK +SYSVINIT +UTMP +LIBCRYPTSETUP +GCRYPT +GNUTLS +ACL +XZ -LZ4 +SECCOMP +BLKID +ELFUTILS +KMOD -IDN)
Dec 28 18:44:53 vagrant systemd[1]: Detected virtualization oracle.
Dec 28 18:44:53 vagrant systemd[1]: Detected architecture x86-64.
Dec 28 18:44:53 vagrant systemd[1]: Reloading.
Dec 28 18:44:53 vagrant systemd[1]: Starting vboxadd-service.service...
Dec 28 18:44:53 vagrant systemd[1]: Stopping Network Time Synchronization...
Dec 28 18:44:53 vagrant systemd[1]: Started ACPI event daemon.
Dec 28 18:44:53 vagrant vboxadd-service[24591]: vboxadd-service.sh: Starting VirtualBox Guest Addition service.
Dec 28 18:44:53 vagrant vboxadd-service.sh: Starting VirtualBox Guest Addition service.
Dec 28 18:44:53 vagrant systemd[1]: Stopped Network Time Synchronization.
Dec 28 18:44:53 vagrant kernel: [  352.477703] VGDrvCommonIoCtl: Unknown request iFunction=0xc02c5600 stripped size=0xc0005600
Dec 28 18:44:53 vagrant kernel: [  352.477878] VGDrvCommonIoCtl: Unknown request iFunction=0x5609 stripped size=0xc0005609
Dec 28 18:44:53 vagrant kernel: [  352.477965] VGDrvCommonIoCtl: Unknown request iFunction=0x5609 stripped size=0xc0005609
Dec 28 18:44:53 vagrant kernel: [  352.478046] VGDrvCommonIoCtl: Unknown request iFunction=0x5609 stripped size=0xc0005609
Dec 28 18:44:53 vagrant kernel: [  352.478103] VGDrvCommonIoCtl: Unknown request iFunction=0x5609 stripped size=0xc0005609
Dec 28 18:44:53 vagrant kernel: [  352.478160] VGDrvCommonIoCtl: Unknown request iFunction=0x5609 stripped size=0xc0005609
Dec 28 18:44:53 vagrant kernel: [  352.478220] VGDrvCommonIoCtl: Unknown request iFunction=0xc09c5604 stripped size=0xc0005604
Dec 28 18:44:53 vagrant kernel: [  352.479270] VGDrvCommonIoCtl: Unknown request iFunction=0x5609 stripped size=0xc0005609
Dec 28 18:44:53 vagrant kernel: [  352.479337] VGDrvCommonIoCtl: Unknown request iFunction=0x5609 stripped size=0xc0005609
Dec 28 18:44:53 vagrant vboxadd-service.sh: VirtualBox Guest Addition service started.
Dec 28 18:44:53 vagrant systemd[1]: vboxadd-service.service: Control process exited, code=exited status=1
Dec 28 18:44:53 vagrant systemd[1]: Failed to start vboxadd-service.service.
Dec 28 18:44:53 vagrant systemd[1]: vboxadd-service.service: Unit entered failed state.
Dec 28 18:44:53 vagrant systemd[1]: vboxadd-service.service: Failed with result 'exit-code'.
Dec 28 18:45:27 vagrant os-prober: debug: running /usr/lib/os-probes/mounted/05efi on mounted /dev/sda1
Dec 28 18:45:27 vagrant 05efi: debug: Not on UEFI platform
Dec 28 18:45:27 vagrant os-prober: debug: running /usr/lib/os-probes/mounted/10freedos on mounted /dev/sda1
Dec 28 18:45:27 vagrant 10freedos: debug: /dev/sda1 is not a FAT partition: exiting
Dec 28 18:45:27 vagrant os-prober: debug: running /usr/lib/os-probes/mounted/10qnx on mounted /dev/sda1
Dec 28 18:45:27 vagrant 10qnx: debug: /dev/sda1 is not a QNX4 partition: exiting
Dec 28 18:45:27 vagrant os-prober: debug: running /usr/lib/os-probes/mounted/20macosx on mounted /dev/sda1
Dec 28 18:45:27 vagrant macosx-prober: debug: /dev/sda1 is not an HFS+ partition: exiting
Dec 28 18:45:27 vagrant os-prober: debug: running /usr/lib/os-probes/mounted/20microsoft on mounted /dev/sda1
Dec 28 18:45:27 vagrant 20microsoft: debug: /dev/sda1 is not a MS partition: exiting
Dec 28 18:45:27 vagrant os-prober: debug: running /usr/lib/os-probes/mounted/30utility on mounted /dev/sda1
Dec 28 18:45:27 vagrant 30utility: debug: /dev/sda1 is not a FAT partition: exiting
Dec 28 18:45:27 vagrant os-prober: debug: running /usr/lib/os-probes/mounted/40lsb on mounted /dev/sda1
Dec 28 18:45:27 vagrant os-prober: debug: running /usr/lib/os-probes/mounted/70hurd on mounted /dev/sda1
Dec 28 18:45:27 vagrant os-prober: debug: running /usr/lib/os-probes/mounted/80minix on mounted /dev/sda1
Dec 28 18:45:27 vagrant os-prober: debug: running /usr/lib/os-probes/mounted/83haiku on mounted /dev/sda1
Dec 28 18:45:27 vagrant 83haiku: debug: /dev/sda1 is not a BeFS partition: exiting
Dec 28 18:45:27 vagrant os-prober: debug: running /usr/lib/os-probes/mounted/90linux-distro on mounted /dev/sda1
Dec 28 18:45:27 vagrant os-prober: debug: running /usr/lib/os-probes/mounted/90solaris on mounted /dev/sda1
Dec 28 18:45:27 vagrant os-prober: debug: /dev/sda2: DOS extended partition; skipping
Dec 28 18:45:27 vagrant os-prober: debug: running /usr/lib/os-probes/50mounted-tests on /dev/sda5
Dec 28 18:45:27 vagrant 50mounted-tests: debug: /dev/sda5 is a LVM member partition; skipping
Dec 28 18:45:27 vagrant os-prober: debug: os detected by /usr/lib/os-probes/50mounted-tests
Dec 28 18:45:27 vagrant os-prober: debug: /dev/mapper/vagrant--vg-swap_1: is active swap
Dec 28 18:45:30 vagrant os-prober: debug: running /usr/lib/os-probes/mounted/05efi on mounted /dev/sda1
Dec 28 18:45:30 vagrant 05efi: debug: Not on UEFI platform
Dec 28 18:45:30 vagrant os-prober: debug: running /usr/lib/os-probes/mounted/10freedos on mounted /dev/sda1
Dec 28 18:45:30 vagrant 10freedos: debug: /dev/sda1 is not a FAT partition: exiting
Dec 28 18:45:30 vagrant os-prober: debug: running /usr/lib/os-probes/mounted/10qnx on mounted /dev/sda1
Dec 28 18:45:30 vagrant 10qnx: debug: /dev/sda1 is not a QNX4 partition: exiting
Dec 28 18:45:30 vagrant os-prober: debug: running /usr/lib/os-probes/mounted/20macosx on mounted /dev/sda1
Dec 28 18:45:30 vagrant macosx-prober: debug: /dev/sda1 is not an HFS+ partition: exiting
Dec 28 18:45:30 vagrant os-prober: debug: running /usr/lib/os-probes/mounted/20microsoft on mounted /dev/sda1
Dec 28 18:45:30 vagrant 20microsoft: debug: /dev/sda1 is not a MS partition: exiting
Dec 28 18:45:30 vagrant os-prober: debug: running /usr/lib/os-probes/mounted/30utility on mounted /dev/sda1
Dec 28 18:45:30 vagrant 30utility: debug: /dev/sda1 is not a FAT partition: exiting
Dec 28 18:45:30 vagrant os-prober: debug: running /usr/lib/os-probes/mounted/40lsb on mounted /dev/sda1
Dec 28 18:45:30 vagrant os-prober: debug: running /usr/lib/os-probes/mounted/70hurd on mounted /dev/sda1
Dec 28 18:45:30 vagrant os-prober: debug: running /usr/lib/os-probes/mounted/80minix on mounted /dev/sda1
Dec 28 18:45:30 vagrant os-prober: debug: running /usr/lib/os-probes/mounted/83haiku on mounted /dev/sda1
Dec 28 18:45:30 vagrant 83haiku: debug: /dev/sda1 is not a BeFS partition: exiting
Dec 28 18:45:30 vagrant os-prober: debug: running /usr/lib/os-probes/mounted/90linux-distro on mounted /dev/sda1
Dec 28 18:45:30 vagrant os-prober: debug: running /usr/lib/os-probes/mounted/90solaris on mounted /dev/sda1
Dec 28 18:45:30 vagrant os-prober: debug: /dev/sda2: DOS extended partition; skipping
Dec 28 18:45:30 vagrant os-prober: debug: running /usr/lib/os-probes/50mounted-tests on /dev/sda5
Dec 28 18:45:30 vagrant 50mounted-tests: debug: /dev/sda5 is a LVM member partition; skipping
Dec 28 18:45:30 vagrant os-prober: debug: os detected by /usr/lib/os-probes/50mounted-tests
Dec 28 18:45:30 vagrant os-prober: debug: /dev/mapper/vagrant--vg-swap_1: is active swap
Dec 28 18:45:52 vagrant os-prober: debug: running /usr/lib/os-probes/mounted/05efi on mounted /dev/sda1
Dec 28 18:45:52 vagrant 05efi: debug: Not on UEFI platform
Dec 28 18:45:52 vagrant os-prober: debug: running /usr/lib/os-probes/mounted/10freedos on mounted /dev/sda1
Dec 28 18:45:52 vagrant 10freedos: debug: /dev/sda1 is not a FAT partition: exiting
Dec 28 18:45:52 vagrant os-prober: debug: running /usr/lib/os-probes/mounted/10qnx on mounted /dev/sda1
Dec 28 18:45:52 vagrant 10qnx: debug: /dev/sda1 is not a QNX4 partition: exiting
Dec 28 18:45:52 vagrant os-prober: debug: running /usr/lib/os-probes/mounted/20macosx on mounted /dev/sda1
Dec 28 18:45:52 vagrant macosx-prober: debug: /dev/sda1 is not an HFS+ partition: exiting
Dec 28 18:45:52 vagrant os-prober: debug: running /usr/lib/os-probes/mounted/20microsoft on mounted /dev/sda1
Dec 28 18:45:52 vagrant 20microsoft: debug: /dev/sda1 is not a MS partition: exiting
Dec 28 18:45:52 vagrant os-prober: debug: running /usr/lib/os-probes/mounted/30utility on mounted /dev/sda1
Dec 28 18:45:52 vagrant 30utility: debug: /dev/sda1 is not a FAT partition: exiting
Dec 28 18:45:52 vagrant os-prober: debug: running /usr/lib/os-probes/mounted/40lsb on mounted /dev/sda1
Dec 28 18:45:52 vagrant os-prober: debug: running /usr/lib/os-probes/mounted/70hurd on mounted /dev/sda1
Dec 28 18:45:52 vagrant os-prober: debug: running /usr/lib/os-probes/mounted/80minix on mounted /dev/sda1
Dec 28 18:45:52 vagrant os-prober: debug: running /usr/lib/os-probes/mounted/83haiku on mounted /dev/sda1
Dec 28 18:45:52 vagrant 83haiku: debug: /dev/sda1 is not a BeFS partition: exiting
Dec 28 18:45:52 vagrant os-prober: debug: running /usr/lib/os-probes/mounted/90linux-distro on mounted /dev/sda1
Dec 28 18:45:52 vagrant os-prober: debug: running /usr/lib/os-probes/mounted/90solaris on mounted /dev/sda1
Dec 28 18:45:52 vagrant os-prober: debug: /dev/sda2: DOS extended partition; skipping
Dec 28 18:45:52 vagrant os-prober: debug: running /usr/lib/os-probes/50mounted-tests on /dev/sda5
Dec 28 18:45:52 vagrant 50mounted-tests: debug: /dev/sda5 is a LVM member partition; skipping
Dec 28 18:45:52 vagrant os-prober: debug: os detected by /usr/lib/os-probes/50mounted-tests
Dec 28 18:45:52 vagrant os-prober: debug: /dev/mapper/vagrant--vg-swap_1: is active swap
Dec 28 18:45:52 vagrant systemd[1]: Reloading.
Dec 28 18:45:52 vagrant systemd[1]: Reloading.
Dec 28 18:45:53 vagrant systemd[1]: Started ACPI event daemon.
Dec 28 18:45:53 vagrant systemd[1]: Reloading.
Dec 28 18:45:53 vagrant systemd[1]: Started ACPI event daemon.
Dec 28 18:45:53 vagrant systemd[1]: Reloading.
Dec 28 18:45:53 vagrant systemd[1]: Reloading.
Dec 28 18:45:53 vagrant systemd[1]: Started ACPI event daemon.
Dec 28 18:49:52 vagrant systemd[1]: Stopped target Graphical Interface.
Dec 28 18:49:52 vagrant systemd[1]: Closed Load/Save RF Kill Switch Status /dev/rfkill Watch.
Dec 28 18:49:52 vagrant systemd[1]: Stopping Authenticate and Authorize Users to Run Privileged Tasks...
Dec 28 18:49:52 vagrant systemd[1]: Stopping User Manager for UID 1000...
Dec 28 18:49:52 vagrant systemd[1]: Stopping Accounts Service...
Dec 28 18:49:52 vagrant systemd[1]: Stopped target System Time Synchronized.
Dec 28 18:49:52 vagrant systemd[1]: Stopping Session 1 of user vagrant.
Dec 28 18:49:52 vagrant systemd[1]: Stopped target Multi-User System.
Dec 28 18:49:52 vagrant systemd[1]: Stopping LSB: MD monitoring daemon...
Dec 28 18:49:52 vagrant systemd[1]: Stopping LSB: automatic crash report generation...
Dec 28 18:49:52 vagrant systemd[1]: Stopping vboxadd.service...
Dec 28 18:49:52 vagrant systemd[1]: Stopping FUSE filesystem for LXC...
Dec 28 18:49:52 vagrant systemd[1]: Stopping Regular background program processing daemon...
Dec 28 18:49:53 vagrant rsyslogd: [origin software="rsyslogd" swVersion="8.16.0" x-pid="839" x-info="http://www.rsyslog.com"] exiting on signal 15.
Jun 24 14:25:30 vagrant rsyslogd: [origin software="rsyslogd" swVersion="8.16.0" x-pid="855" x-info="http://www.rsyslog.com"] start
Jun 24 14:25:30 vagrant rsyslogd-2222: command 'KLogPermitNonKernelFacility' is currently not permitted - did you already set it via a RainerScript command (v6+ config)? [v8.16.0 try http://www.rsyslog.com/e/2222 ]
Jun 24 14:25:30 vagrant rsyslogd: rsyslogd's groupid changed to 108
Jun 24 14:25:30 vagrant rsyslogd: rsyslogd's userid changed to 104
Jun 24 14:25:30 vagrant rsyslogd-2039: Could not open output pipe '/dev/xconsole':: No such file or directory [v8.16.0 try http://www.rsyslog.com/e/2039 ]
Jun 24 14:25:30 vagrant rsyslogd-2007: action 'action 10' suspended, next retry is Mon Jun 24 14:26:00 2019 [v8.16.0 try http://www.rsyslog.com/e/2007 ]
Jun 24 14:25:30 vagrant kernel: [    0.000000] Initializing cgroup subsys cpuset
Jun 24 14:25:30 vagrant kernel: [    0.000000] Initializing cgroup subsys cpu
Jun 24 14:25:30 vagrant kernel: [    0.000000] Initializing cgroup subsys cpuacct
Jun 24 14:25:30 vagrant kernel: [    0.000000] Linux version 4.4.0-131-generic (buildd@lgw01-amd64-015) (gcc version 5.4.0 20160609 (Ubuntu 5.4.0-6ubuntu1~16.04.10) ) #157-Ubuntu SMP Thu Jul 12 15:51:36 UTC 2018 (Ubuntu 4.4.0-131.157-generic 4.4.134)
Jun 24 14:25:30 vagrant kernel: [    0.000000] Command line: BOOT_IMAGE=/vmlinuz-4.4.0-131-generic root=/dev/mapper/vagrant--vg-root ro net.ifnames=0 biosdevname=0 quiet
Jun 24 14:25:30 vagrant kernel: [    0.000000] KERNEL supported cpus:
Jun 24 14:25:30 vagrant kernel: [    0.000000]   Intel GenuineIntel
Jun 24 14:25:30 vagrant kernel: [    0.000000]   AMD AuthenticAMD
Jun 24 14:25:30 vagrant kernel: [    0.000000]   Centaur CentaurHauls
Jun 24 14:25:30 vagrant kernel: [    0.000000] x86/fpu: xstate_offset[2]:  576, xstate_sizes[2]:  256
Jun 24 14:25:30 vagrant kernel: [    0.000000] x86/fpu: Supporting XSAVE feature 0x01: 'x87 floating point registers'
Jun 24 14:25:30 vagrant kernel: [    0.000000] x86/fpu: Supporting XSAVE feature 0x02: 'SSE registers'
Jun 24 14:25:30 vagrant kernel: [    0.000000] x86/fpu: Supporting XSAVE feature 0x04: 'AVX registers'
Jun 24 14:25:30 vagrant kernel: [    0.000000] x86/fpu: Enabled xstate features 0x7, context size is 832 bytes, using 'standard' format.
Jun 24 14:25:30 vagrant kernel: [    0.000000] x86/fpu: Using 'eager' FPU context switches.
Jun 24 14:25:30 vagrant kernel: [    0.000000] e820: BIOS-provided physical RAM map:
Jun 24 14:25:30 vagrant kernel: [    0.000000] BIOS-e820: [mem 0x0000000000000000-0x000000000009fbff] usable
Jun 24 14:25:30 vagrant kernel: [    0.000000] BIOS-e820: [mem 0x000000000009fc00-0x000000000009ffff] reserved
Jun 24 14:25:30 vagrant kernel: [    0.000000] BIOS-e820: [mem 0x00000000000f0000-0x00000000000fffff] reserved
Jun 24 14:25:30 vagrant kernel: [    0.000000] BIOS-e820: [mem 0x0000000000100000-0x000000003ffeffff] usable
Jun 24 14:25:30 vagrant kernel: [    0.000000] BIOS-e820: [mem 0x000000003fff0000-0x000000003fffffff] ACPI data
Jun 24 14:25:30 vagrant kernel: [    0.000000] BIOS-e820: [mem 0x00000000fec00000-0x00000000fec00fff] reserved
Jun 24 14:25:30 vagrant kernel: [    0.000000] BIOS-e820: [mem 0x00000000fee00000-0x00000000fee00fff] reserved
Jun 24 14:25:30 vagrant kernel: [    0.000000] BIOS-e820: [mem 0x00000000fffc0000-0x00000000ffffffff] reserved
Jun 24 14:25:30 vagrant kernel: [    0.000000] NX (Execute Disable) protection: active
Jun 24 14:25:30 vagrant kernel: [    0.000000] SMBIOS 2.5 present.
Jun 24 14:25:30 vagrant kernel: [    0.000000] DMI: innotek GmbH VirtualBox/VirtualBox, BIOS VirtualBox 12/01/2006
Jun 24 14:25:30 vagrant kernel: [    0.000000] Hypervisor detected: KVM
Jun 24 14:25:30 vagrant kernel: [    0.000000] e820: update [mem 0x00000000-0x00000fff] usable ==> reserved
Jun 24 14:25:30 vagrant kernel: [    0.000000] e820: remove [mem 0x000a0000-0x000fffff] usable
Jun 24 14:25:30 vagrant kernel: [    0.000000] e820: last_pfn = 0x3fff0 max_arch_pfn = 0x400000000
Jun 24 14:25:30 vagrant kernel: [    0.000000] MTRR default type: uncachable
Jun 24 14:25:30 vagrant kernel: [    0.000000] MTRR variable ranges disabled:
Jun 24 14:25:30 vagrant kernel: [    0.000000] MTRR: Disabled
Jun 24 14:25:30 vagrant kernel: [    0.000000] x86/PAT: MTRRs disabled, skipping PAT initialization too.
Jun 24 14:25:30 vagrant kernel: [    0.000000] CPU MTRRs all blank - virtualized system.
Jun 24 14:25:30 vagrant kernel: [    0.000000] x86/PAT: Configuration [0-7]: WB  WT  UC- UC  WB  WT  UC- UC  
Jun 24 14:25:30 vagrant kernel: [    0.000000] found SMP MP-table at [mem 0x0009fff0-0x0009ffff] mapped at [ffff88000009fff0]
Jun 24 14:25:30 vagrant kernel: [    0.000000] Scanning 1 areas for low memory corruption
Jun 24 14:25:30 vagrant kernel: [    0.000000] Base memory trampoline at [ffff880000098000] 98000 size 28672
Jun 24 14:25:30 vagrant kernel: [    0.000000] BRK [0x02218000, 0x02218fff] PGTABLE
Jun 24 14:25:30 vagrant kernel: [    0.000000] BRK [0x02219000, 0x02219fff] PGTABLE
Jun 24 14:25:30 vagrant kernel: [    0.000000] BRK [0x0221a000, 0x0221afff] PGTABLE
